Component: ARM Compiler 5.06 update 6 (build 750) Tool: armlink [4d35ed]

==============================================================================

Section Cross References

    system_stm32f4xx.o(.text) refers to system_stm32f4xx.o(.data) for SystemCoreClock
    stm32f4xx_it.o(.text) refers to board.o(i._updateSysTick_Interrupt) for _updateSysTick_Interrupt
    stm32f4xx_it.o(.text) refers to systick.o(i._DelayOneMs_Interrupt) for _DelayOneMs_Interrupt
    stm32f4xx_it.o(.text) refers to motor.o(i._forwardTime_Interrupt) for _forwardTime_Interrupt
    stm32f4xx_it.o(.text) refers to serial.o(i._UsartReceive_Interrupt) for _UsartReceive_Interrupt
    stm32f4xx_it.o(.text) refers to encoder.o(i._Timer2Capture_Interrupt) for _Timer2Capture_Interrupt
    stm32f4xx_it.o(.text) refers to encoder.o(i._Timer5Capture_Interrupt) for _Timer5Capture_Interrupt
    stm32f4xx_it.o(.text) refers to laser.o(i._LaserEdgeTrigger_Interrupt) for _LaserEdgeTrigger_Interrupt
    stm32f4xx_it.o(.text) refers to stm32f4xx_dma.o(.text) for DMA_GetITStatus
    stm32f4xx_it.o(.text) refers to stm32f4xx_usart.o(.text) for USART_DMACmd
    main.o(.text) refers to systick.o(.text) for SysTick_Init
    main.o(.text) refers to board.o(.text) for STMMiniBoard_Init
    main.o(.text) refers to serial.o(.text) for Serial_Init
    main.o(.text) refers to motor.o(.text) for MotorPWM_Init
    main.o(.text) refers to buttom.o(.text) for Adc_Init
    main.o(.text) refers to gyro.o(.text) for Gyro_Init
    main.o(.text) refers to printfb.o(i.__0printf$bare) for __2printf
    stm32f4xx_dma2d.o(.text) refers to stm32f4xx_rcc.o(.text) for RCC_AHB1PeriphResetCmd
    stm32f4xx_pwr.o(.text) refers to stm32f4xx_rcc.o(.text) for RCC_APB1PeriphResetCmd
    stm32f4xx_wwdg.o(.text) refers to stm32f4xx_rcc.o(.text) for RCC_APB1PeriphResetCmd
    stm32f4xx_spi.o(.text) refers to stm32f4xx_rcc.o(.text) for RCC_APB2PeriphResetCmd
    stm32f4xx_hash.o(.text) refers to stm32f4xx_rcc.o(.text) for RCC_AHB2PeriphResetCmd
    stm32f4xx_ltdc.o(.text) refers to stm32f4xx_rcc.o(.text) for RCC_APB2PeriphResetCmd
    stm32f4xx_sdio.o(.text) refers to stm32f4xx_rcc.o(.text) for RCC_APB2PeriphResetCmd
    stm32f4xx_tim.o(.text) refers to stm32f4xx_rcc.o(.text) for RCC_APB2PeriphResetCmd
    stm32f4xx_cryp.o(.text) refers to stm32f4xx_rcc.o(.text) for RCC_AHB2PeriphResetCmd
    stm32f4xx_cryp_tdes.o(.text) refers to stm32f4xx_cryp.o(.text) for CRYP_KeyStructInit
    stm32f4xx_cryp_aes.o(.text) refers to stm32f4xx_cryp.o(.text) for CRYP_KeyStructInit
    stm32f4xx_adc.o(.text) refers to stm32f4xx_rcc.o(.text) for RCC_APB2PeriphResetCmd
    stm32f4xx_cryp_des.o(.text) refers to stm32f4xx_cryp.o(.text) for CRYP_KeyStructInit
    stm32f4xx_i2c.o(.text) refers to stm32f4xx_rcc.o(.text) for RCC_APB1PeriphResetCmd
    stm32f4xx_usart.o(.text) refers to stm32f4xx_rcc.o(.text) for RCC_APB2PeriphResetCmd
    stm32f4xx_sai.o(.text) refers to stm32f4xx_rcc.o(.text) for RCC_APB2PeriphResetCmd
    stm32f4xx_rng.o(.text) refers to stm32f4xx_rcc.o(.text) for RCC_AHB2PeriphResetCmd
    stm32f4xx_fsmc.o(.text) refers to stm32f4xx_fsmc.o(.constdata) for FSMC_DefaultTimingStruct
    stm32f4xx_dac.o(.text) refers to stm32f4xx_rcc.o(.text) for RCC_APB1PeriphResetCmd
    stm32f4xx_can.o(.text) refers to stm32f4xx_rcc.o(.text) for RCC_APB1PeriphResetCmd
    stm32f4xx_rcc.o(.text) refers to stm32f4xx_rcc.o(.data) for APBAHBPrescTable
    stm32f4xx_hash_md5.o(.text) refers to stm32f4xx_hash.o(.text) for HASH_DeInit
    stm32f4xx_gpio.o(.text) refers to stm32f4xx_rcc.o(.text) for RCC_AHB1PeriphResetCmd
    stm32f4xx_syscfg.o(.text) refers to stm32f4xx_rcc.o(.text) for RCC_APB2PeriphResetCmd
    stm32f4xx_hash_sha1.o(.text) refers to stm32f4xx_hash.o(.text) for HASH_DeInit
    startup_stm32f40_41xxx.o(RESET) refers to startup_stm32f40_41xxx.o(STACK) for __initial_sp
    startup_stm32f40_41xxx.o(RESET) refers to startup_stm32f40_41xxx.o(.text) for Reset_Handler
    startup_stm32f40_41xxx.o(RESET) refers to stm32f4xx_it.o(.text) for NMI_Handler
    startup_stm32f40_41xxx.o(.text) refers to system_stm32f4xx.o(.text) for SystemInit
    startup_stm32f40_41xxx.o(.text) refers to entry.o(.ARM.Collect$$$$00000000) for __main
    board.o(.text) refers to stm32f4xx_rcc.o(.text) for RCC_AHB1PeriphClockCmd
    board.o(.text) refers to stm32f4xx_gpio.o(.text) for GPIO_Init
    board.o(.text) refers to board.o(.data) for _timeBaseStructure
    serial.o(.text) refers to stm32f4xx_rcc.o(.text) for RCC_AHB1PeriphClockCmd
    serial.o(.text) refers to stm32f4xx_gpio.o(.text) for GPIO_PinAFConfig
    serial.o(.text) refers to stm32f4xx_usart.o(.text) for USART_Init
    serial.o(.text) refers to misc.o(.text) for NVIC_PriorityGroupConfig
    systick.o(.text) refers to system_stm32f4xx.o(.data) for SystemCoreClock
    systick.o(.text) refers to systick.o(.data) for _timingDelay
    motor.o(.text) refers to stm32f4xx_gpio.o(.text) for GPIO_ResetBits
    motor.o(.text) refers to systick.o(.text) for SysTickDelay
[...]
    Removing stm32f4xx_hash.o(.rrx_text), (6 bytes).
    Removing stm32f4xx_hash.o(.text), (552 bytes).
    Removing stm32f4xx_ltdc.o(.rev16_text), (4 bytes).
    Removing stm32f4xx_ltdc.o(.revsh_text), (4 bytes).
    Removing stm32f4xx_ltdc.o(.rrx_text), (6 bytes).
    Removing stm32f4xx_ltdc.o(.text), (1672 bytes).
    Removing stm32f4xx_dfsdm.o(.rev16_text), (4 bytes).
    Removing stm32f4xx_dfsdm.o(.revsh_text), (4 bytes).
    Removing stm32f4xx_dfsdm.o(.rrx_text), (6 bytes).
    Removing stm32f4xx_dbgmcu.o(.rev16_text), (4 bytes).
    Removing stm32f4xx_dbgmcu.o(.revsh_text), (4 bytes).
    Removing stm32f4xx_dbgmcu.o(.rrx_text), (6 bytes).
    Removing stm32f4xx_dbgmcu.o(.text), (100 bytes).
    Removing stm32f4xx_sdio.o(.rev16_text), (4 bytes).
    Removing stm32f4xx_sdio.o(.revsh_text), (4 bytes).
    Removing stm32f4xx_sdio.o(.rrx_text), (6 bytes).
    Removing stm32f4xx_sdio.o(.text), (476 bytes).
    Removing stm32f4xx_tim.o(.rev16_text), (4 bytes).
    Removing stm32f4xx_tim.o(.revsh_text), (4 bytes).
    Removing stm32f4xx_tim.o(.rrx_text), (6 bytes).
    Removing stm32f4xx_iwdg.o(.rev16_text), (4 bytes).
    Removing stm32f4xx_iwdg.o(.revsh_text), (4 bytes).
    Removing stm32f4xx_iwdg.o(.rrx_text), (6 bytes).
    Removing stm32f4xx_iwdg.o(.text), (64 bytes).
    Removing stm32f4xx_cryp.o(.rev16_text), (4 bytes).
    Removing stm32f4xx_cryp.o(.revsh_text), (4 bytes).
    Removing stm32f4xx_cryp.o(.rrx_text), (6 bytes).
    Removing stm32f4xx_cryp.o(.text), (856 bytes).
    Removing stm32f4xx_rtc.o(.rev16_text), (4 bytes).
    Removing stm32f4xx_rtc.o(.revsh_text), (4 bytes).
    Removing stm32f4xx_rtc.o(.rrx_text), (6 bytes).
    Removing stm32f4xx_rtc.o(.text), (3440 bytes).
    Removing stm32f4xx_cryp_tdes.o(.rev16_text), (4 bytes).
    Removing stm32f4xx_cryp_tdes.o(.revsh_text), (4 bytes).
    Removing stm32f4xx_cryp_tdes.o(.rrx_text), (6 bytes).
    Removing stm32f4xx_cryp_tdes.o(.text), (540 bytes).
    Removing stm32f4xx_cryp_aes.o(.rev16_text), (4 bytes).
    Removing stm32f4xx_cryp_aes.o(.revsh_text), (4 bytes).
    Removing stm32f4xx_cryp_aes.o(.rrx_text), (6 bytes).
    Removing stm32f4xx_cryp_aes.o(.text), (4586 bytes).
    Removing stm32f4xx_adc.o(.rev16_text), (4 bytes).
    Removing stm32f4xx_adc.o(.revsh_text), (4 bytes).
    Removing stm32f4xx_adc.o(.rrx_text), (6 bytes).
    Removing stm32f4xx_cryp_des.o(.rev16_text), (4 bytes).
    Removing stm32f4xx_cryp_des.o(.revsh_text), (4 bytes).
    Removing stm32f4xx_cryp_des.o(.rrx_text), (6 bytes).
    Removing stm32f4xx_cryp_des.o(.text), (476 bytes).
    Removing stm32f4xx_i2c.o(.rev16_text), (4 bytes).
    Removing stm32f4xx_i2c.o(.revsh_text), (4 bytes).
    Removing stm32f4xx_i2c.o(.rrx_text), (6 bytes).
    Removing stm32f4xx_i2c.o(.text), (1110 bytes).
    Removing stm32f4xx_spdifrx.o(.rev16_text), (4 bytes).
    Removing stm32f4xx_spdifrx.o(.revsh_text), (4 bytes).
    Removing stm32f4xx_spdifrx.o(.rrx_text), (6 bytes).
    Removing stm32f4xx_usart.o(.rev16_text), (4 bytes).
    Removing stm32f4xx_usart.o(.revsh_text), (4 bytes).
    Removing stm32f4xx_usart.o(.rrx_text), (6 bytes).
    Removing stm32f4xx_sai.o(.rev16_text), (4 bytes).
    Removing stm32f4xx_sai.o(.revsh_text), (4 bytes).
    Removing stm32f4xx_sai.o(.rrx_text), (6 bytes).
    Removing stm32f4xx_sai.o(.text), (540 bytes).
    Removing stm32f4xx_crc.o(.rev16_text), (4 bytes).
    Removing stm32f4xx_crc.o(.revsh_text), (4 bytes).
    Removing stm32f4xx_crc.o(.rrx_text), (6 bytes).
    Removing stm32f4xx_crc.o(.text), (72 bytes).
    Removing stm32f4xx_rng.o(.rev16_text), (4 bytes).
    Removing stm32f4xx_rng.o(.revsh_text), (4 bytes).
    Removing stm32f4xx_rng.o(.rrx_text), (6 bytes).
    Removing stm32f4xx_rng.o(.text), (160 bytes).
    Removing misc.o(.rev16_text), (4 bytes).
    Removing misc.o(.revsh_text), (4 bytes).
    Removing misc.o(.rrx_text), (6 bytes).
    Removing stm32f4xx_fsmc.o(.rev16_text), (4 bytes).
    Removing stm32f4xx_fsmc.o(.revsh_text), (4 bytes).
    Removing stm32f4xx_fsmc.o(.rrx_text), (6 bytes).
    Removing stm32f4xx_fsmc.o(.text), (1684 bytes).
    Removing stm32f4xx_fsmc.o(.constdata), (28 bytes).
    Removing stm32f4xx_exti.o(.rev16_text), (4 bytes).
    Removing stm32f4xx_exti.o(.revsh_text), (4 bytes).
    Removing stm32f4xx_exti.o(.rrx_text), (6 bytes).
    Removing stm32f4xx_dac.o(.rev16_text), (4 bytes).
    Removing stm32f4xx_dac.o(.revsh_text), (4 bytes).
    Removing stm32f4xx_dac.o(.rrx_text), (6 bytes).
    Removing stm32f4xx_dac.o(.text), (528 bytes).
    Removing stm32f4xx_lptim.o(.rev16_text), (4 bytes).
    Removing stm32f4xx_lptim.o(.revsh_text), (4 bytes).
    Removing stm32f4xx_lptim.o(.rrx_text), (6 bytes).
    Removing stm32f4xx_can.o(.rev16_text), (4 bytes).
    Removing stm32f4xx_can.o(.revsh_text), (4 bytes).
    Removing stm32f4xx_can.o(.rrx_text), (6 bytes).
    Removing stm32f4xx_can.o(.text), (2544 bytes).
    Removing stm32f4xx_dcmi.o(.rev16_text), (4 bytes).
    Removing stm32f4xx_dcmi.o(.revsh_text), (4 bytes).
    Removing stm32f4xx_dcmi.o(.rrx_text), (6 bytes).
    Removing stm32f4xx_dcmi.o(.text), (396 bytes).
    Removing stm32f4xx_rcc.o(.rev16_text), (4 bytes).
    Removing stm32f4xx_rcc.o(.revsh_text), (4 bytes).
    Removing stm32f4xx_rcc.o(.rrx_text), (6 bytes).
    Removing stm32f4xx_hash_md5.o(.rev16_text), (4 bytes).
    Removing stm32f4xx_hash_md5.o(.revsh_text), (4 bytes).
    Removing stm32f4xx_hash_md5.o(.rrx_text), (6 bytes).
    Removing stm32f4xx_hash_md5.o(.text), (534 bytes).
    Removing stm32f4xx_gpio.o(.rev16_text), (4 bytes).
    Removing stm32f4xx_gpio.o(.revsh_text), (4 bytes).
    Removing stm32f4xx_gpio.o(.rrx_text), (6 bytes).
    Removing stm32f4xx_syscfg.o(.rev16_text), (4 bytes).
    Removing stm32f4xx_syscfg.o(.revsh_text), (4 bytes).
    Removing stm32f4xx_syscfg.o(.rrx_text), (6 bytes).
    Removing stm32f4xx_syscfg.o(.text), (148 bytes).
    Removing stm32f4xx_dma.o(.rev16_text), (4 bytes).
    Removing stm32f4xx_dma.o(.revsh_text), (4 bytes).
    Removing stm32f4xx_dma.o(.rrx_text), (6 bytes).
    Removing stm32f4xx_hash_sha1.o(.rev16_text), (4 bytes).
    Removing stm32f4xx_hash_sha1.o(.revsh_text), (4 bytes).
    Removing stm32f4xx_hash_sha1.o(.rrx_text), (6 bytes).
    Removing stm32f4xx_hash_sha1.o(.text), (548 bytes).
    Removing startup_stm32f40_41xxx.o(HEAP), (512 bytes).
    Removing board.o(.rev16_text), (4 bytes).
    Removing board.o(.revsh_text), (4 bytes).
    Removing board.o(.rrx_text), (6 bytes).
    Removing serial.o(.rev16_text), (4 bytes).
    Removing serial.o(.revsh_text), (4 bytes).
    Removing serial.o(.rrx_text), (6 bytes).
    Removing serial.o(.data), (100 bytes).
    Removing systick.o(.rev16_text), (4 bytes).
    Removing systick.o(.revsh_text), (4 bytes).
    Removing systick.o(.rrx_text), (6 bytes).
    Removing motor.o(.rev16_text), (4 bytes).
    Removing motor.o(.revsh_text), (4 bytes).
    Removing motor.o(.rrx_text), (6 bytes).
    Removing encoder.o(.rev16_text), (4 bytes).
    Removing encoder.o(.revsh_text), (4 bytes).
    Removing encoder.o(.rrx_text), (6 bytes).
    Removing buttom.o(.rev16_text), (4 bytes).
    Removing buttom.o(.revsh_text), (4 bytes).
    Removing buttom.o(.rrx_text), (6 bytes).
    Removing gyro.o(.rev16_text), (4 bytes).
    Removing gyro.o(.revsh_text), (4 bytes).
    Removing gyro.o(.rrx_text), (6 bytes).
    Removing servo.o(.rev16_text), (4 bytes).
    Removing servo.o(.revsh_text), (4 bytes).
    Removing servo.o(.rrx_text), (6 bytes).
    Removing servo.o(.text), (340 bytes).
    Removing laser.o(.rev16_text), (4 bytes).
    Removing laser.o(.revsh_text), (4 bytes).
    Removing laser.o(.rrx_text), (6 bytes).
    Removing laser.o(.text), (128 bytes).
    Removing dadd.o(.text), (334 bytes).
    Removing dfixul.o(.text), (48 bytes).
    Removing motor.o(i.SetMotorState), (28 bytes).
    Removing motor.o(i.GetMotorSpeed), (20 bytes).
    Removing encoder.o(i.GetRFSpeed), (84 bytes).
    Removing encoder.o(i.GetLRSpeed), (84 bytes).

184 unused section(s) (total 27674 bytes) removed from the image.

==============================================================================

Image Symbol Table

    Local Symbols

    Symbol Name                              Value     Ov Type        Size  Object(Section)

    ../../../Libraries/CMSIS/Device/ST/STM32F4xx/Source/Templates/arm/startup_stm32f40_41xxx.s 0x00000000   Number         0  startup_stm32f40_41xxx.o ABSOLUTE
    ../../../Libraries/STM32F4xx_StdPeriph_Driver/src/misc.c 0x00000000   Number         0  misc.o ABSOLUTE
    ../../../Libraries/STM32F4xx_StdPeriph_Driver/src/stm32f4xx_adc.c 0x00000000   Number         0  stm32f4xx_adc.o ABSOLUTE
    ../../../Libraries/STM32F4xx_StdPeriph_Driver/src/stm32f4xx_can.c 0x00000000   Number         0  stm32f4xx_can.o ABSOLUTE
    ../../../Libraries/STM32F4xx_StdPeriph_Driver/src/stm32f4xx_crc.c 0x00000000   Number         0  stm32f4xx_crc.o ABSOLUTE
    ../../../Libraries/STM32F4xx_StdPeriph_Driver/src/stm32f4xx_cryp.c 0x00000000   Number         0  stm32f4xx_cryp.o ABSOLUTE
    ../../../Libraries/STM32F4xx_StdPeriph_Driver/src/stm32f4xx_cryp_aes.c 0x00000000   Number         0  stm32f4xx_cryp_aes.o ABSOLUTE
    ../../../Libraries/STM32F4xx_StdPeriph_Driver/src/stm32f4xx_cryp_des.c 0x00000000   Number         0  stm32f4xx_cryp_des.o ABSOLUTE
    ../../../Libraries/STM32F4xx_StdPeriph_Driver/src/stm32f4xx_cryp_tdes.c 0x00000000   Number         0  stm32f4xx_cryp_tdes.o ABSOLUTE
    ../../../Libraries/STM32F4xx_StdPeriph_Driver/src/stm32f4xx_dac.c 0x00000000   Number         0  stm32f4xx_dac.o ABSOLUTE
    ../../../Libraries/STM32F4xx_StdPeriph_Driver/src/stm32f4xx_dbgmcu.c 0x00000000   Number         0  stm32f4xx_dbgmcu.o ABSOLUTE
    ../../../Libraries/STM32F4xx_StdPeriph_Driver/src/stm32f4xx_dcmi.c 0x00000000   Number         0  stm32f4xx_dcmi.o ABSOLUTE
    ../../../Libraries/STM32F4xx_StdPeriph_Driver/src/stm32f4xx_dfsdm.c 0x00000000   Number         0  stm32f4xx_dfsdm.o ABSOLUTE
    ../../../Libraries/STM32F4xx_StdPeriph_Driver/src/stm32f4xx_dma.c 0x00000000   Number         0  stm32f4xx_dma.o ABSOLUTE
    ../../../Libraries/STM32F4xx_StdPeriph_Driver/src/stm32f4xx_dma2d.c 0x00000000   Number         0  stm32f4xx_dma2d.o ABSOLUTE
    ../../../Libraries/STM32F4xx_StdPeriph_Driver/src/stm32f4xx_exti.c 0x00000000   Number         0  stm32f4xx_exti.o ABSOLUTE
    ../../../Libraries/STM32F4xx_StdPeriph_Driver/src/stm32f4xx_flash.c 0x00000000   Number         0  stm32f4xx_flash.o ABSOLUTE
    ../../../Libraries/STM32F4xx_StdPeriph_Driver/src/stm32f4xx_fmpi2c.c 0x00000000   Number         0  stm32f4xx_fmpi2c.o ABSOLUTE
    ../../../Libraries/STM32F4xx_StdPeriph_Driver/src/stm32f4xx_fsmc.c 0x00000000   Number         0  stm32f4xx_fsmc.o ABSOLUTE
    ../../../Libraries/STM32F4xx_StdPeriph_Driver/src/stm32f4xx_gpio.c 0x00000000   Number         0  stm32f4xx_gpio.o ABSOLUTE
    ../../../Libraries/STM32F4xx_StdPeriph_Driver/src/stm32f4xx_hash.c 0x00000000   Number         0  stm32f4xx_hash.o ABSOLUTE
    ../../../Libraries/STM32F4xx_StdPeriph_Driver/src/stm32f4xx_hash_md5.c 0x00000000   Number         0  stm32f4xx_hash_md5.o ABSOLUTE
    ../../../Libraries/STM32F4xx_StdPeriph_Driver/src/stm32f4xx_hash_sha1.c 0x00000000   Number         0  stm32f4xx_hash_sha1.o ABSOLUTE
    ../../../Libraries/STM32F4xx_StdPeriph_Driver/src/stm32f4xx_i2c.c 0x00000000   Number         0  stm32f4xx_i2c.o ABSOLUTE
    ../../../Libraries/STM32F4xx_StdPeriph_Driver/src/stm32f4xx_iwdg.c 0x00000000   Number         0  stm32f4xx_iwdg.o ABSOLUTE
    ../../../Libraries/STM32F4xx_StdPeriph_Driver/src/stm32f4xx_lptim.c 0x00000000   Number         0  stm32f4xx_lptim.o ABSOLUTE
    ../../../Libraries/STM32F4xx_StdPeriph_Driver/src/stm32f4xx_ltdc.c 0x00000000   Number         0  stm32f4xx_ltdc.o ABSOLUTE
    ../../../Libraries/STM32F4xx_StdPeriph_Driver/src/stm32f4xx_pwr.c 0x00000000   Number         0  stm32f4xx_pwr.o ABSOLUTE
    ../../../Libraries/STM32F4xx_StdPeriph_Driver/src/stm32f4xx_rcc.c 0x00000000   Number         0  stm32f4xx_rcc.o ABSOLUTE
    ../../../Libraries/STM32F4xx_StdPeriph_Driver/src/stm32f4xx_rng.c 0x00000000   Number         0  stm32f4xx_rng.o ABSOLUTE
    ../../../Libraries/STM32F4xx_StdPeriph_Driver/src/stm32f4xx_rtc.c 0x00000000   Number         0  stm32f4xx_rtc.o ABSOLUTE
    ../../../Libraries/STM32F4xx_StdPeriph_Driver/src/stm32f4xx_sai.c 0x00000000   Number         0  stm32f4xx_sai.o ABSOLUTE
    ../../../Libraries/STM32F4xx_StdPeriph_Driver/src/stm32f4xx_sdio.c 0x00000000   Number         0  stm32f4xx_sdio.o ABSOLUTE
    ../../../Libraries/STM32F4xx_StdPeriph_Driver/src/stm32f4xx_spdifrx.c 0x00000000   Number         0  stm32f4xx_spdifrx.o ABSOLUTE
    ../../../Libraries/STM32F4xx_StdPeriph_Driver/src/stm32f4xx_spi.c 0x00000000   Number         0  stm32f4xx_spi.o ABSOLUTE
    ../../../Libraries/STM32F4xx_StdPeriph_Driver/src/stm32f4xx_syscfg.c 0x00000000   Number         0  stm32f4xx_syscfg.o ABSOLUTE
    ../../../Libraries/STM32F4xx_StdPeriph_Driver/src/stm32f4xx_tim.c 0x00000000   Number         0  stm32f4xx_tim.o ABSOLUTE
    ../../../Libraries/STM32F4xx_StdPeriph_Driver/src/stm32f4xx_usart.c 0x00000000   Number         0  stm32f4xx_usart.o ABSOLUTE
    ../../../Libraries/STM32F4xx_StdPeriph_Driver/src/stm32f4xx_wwdg.c 0x00000000   Number         0  stm32f4xx_wwdg.o ABSOLUTE
    ../clib/microlib/division.c              0x00000000   Number         0  uldiv.o ABSOLUTE
    ../clib/microlib/division.c              0x00000000   Number         0  uidiv.o ABSOLUTE
    ../clib/microlib/init/entry.s            0x00000000   Number         0  entry11a.o ABSOLUTE
    ../clib/microlib/init/entry.s            0x00000000   Number         0  entry11b.o ABSOLUTE
    ../clib/microlib/init/entry.s            0x00000000   Number         0  entry2.o ABSOLUTE
    ../clib/microlib/init/entry.s            0x00000000   Number         0  entry5.o ABSOLUTE
    ../clib/microlib/init/entry.s            0x00000000   Number         0  entry7a.o ABSOLUTE
    ../clib/microlib/init/entry.s            0x00000000   Number         0  entry7b.o ABSOLUTE
    ../clib/microlib/init/entry.s            0x00000000   Number         0  entry8a.o ABSOLUTE
    ../clib/microlib/init/entry.s            0x00000000   Number         0  entry.o ABSOLUTE
    ../clib/microlib/init/entry.s            0x00000000   Number         0  entry8b.o ABSOLUTE
    ../clib/microlib/init/entry.s            0x00000000   Number         0  entry9a.o ABSOLUTE
    ../clib/microlib/init/entry.s            0x00000000   Number         0  entry9b.o ABSOLUTE
    ../clib/microlib/init/entry.s            0x00000000   Number         0  entry10a.o ABSOLUTE
    ../clib/microlib/init/entry.s            0x00000000   Number         0  entry10b.o ABSOLUTE
    ../clib/microlib/longlong.c              0x00000000   Number         0  llshl.o ABSOLUTE
    ../clib/microlib/longlong.c              0x00000000   Number         0  llushr.o ABSOLUTE
    ../clib/microlib/longlong.c              0x00000000   Number         0  llsshr.o ABSOLUTE
    ../clib/microlib/printf/printf.c         0x00000000   Number         0  printf4.o ABSOLUTE
    ../clib/microlib/printf/printf.c         0x00000000   Number         0  printfb.o ABSOLUTE
    ../clib/microlib/printf/printf.c         0x00000000   Number         0  printf3.o ABSOLUTE
    ../clib/microlib/printf/printf.c         0x00000000   Number         0  printf7.o ABSOLUTE
    ../clib/microlib/printf/printf.c         0x00000000   Number         0  printf8.o ABSOLUTE
    ../clib/microlib/printf/printf.c         0x00000000   Number         0  printf2.o ABSOLUTE
    ../clib/microlib/printf/printf.c         0x00000000   Number         0  printf6.o ABSOLUTE
    ../clib/microlib/printf/printf.c         0x00000000   Number         0  printf0.o ABSOLUTE
    ../clib/microlib/printf/printf.c         0x00000000   Number         0  printfa.o ABSOLUTE
    ../clib/microlib/printf/printf.c         0x00000000   Number         0  printf1.o ABSOLUTE
    ../clib/microlib/printf/printf.c         0x00000000   Number         0  printf5.o ABSOLUTE
    ../clib/microlib/stdio/streams.c         0x00000000   Number         0  stdout.o ABSOLUTE
    ../clib/microlib/stubs.s                 0x00000000   Number         0  iusefp.o ABSOLUTE
    ../fplib/microlib/fpadd.c                0x00000000   Number         0  dadd.o ABSOLUTE
    ../fplib/microlib/fpdiv.c                0x00000000   Number         0  ddiv.o ABSOLUTE
    ../fplib/microlib/fpepilogue.c           0x00000000   Number         0  depilogue.o ABSOLUTE
    ../fplib/microlib/fpfix.c                0x00000000   Number         0  dfixul.o ABSOLUTE
    ../fplib/microlib/fpfix.c                0x00000000   Number         0  dfixi.o ABSOLUTE
    ../fplib/microlib/fpflt.c                0x00000000   Number         0  dflti.o ABSOLUTE
    ../fplib/microlib/fpmul.c                0x00000000   Number         0  dmul.o ABSOLUTE
    ../main.c                                0x00000000   Number         0  main.o ABSOLUTE
    ../stm32f4xx_it.c                        0x00000000   Number         0  stm32f4xx_it.o ABSOLUTE
    ../system_stm32f4xx.c                    0x00000000   Number         0  system_stm32f4xx.o ABSOLUTE
    ..\..\..\Libraries\STM32F4xx_StdPeriph_Driver\src\misc.c 0x00000000   Number         0  misc.o ABSOLUTE
    ..\..\..\Libraries\STM32F4xx_StdPeriph_Driver\src\stm32f4xx_adc.c 0x00000000   Number         0  stm32f4xx_adc.o ABSOLUTE
    ..\..\..\Libraries\STM32F4xx_StdPeriph_Driver\src\stm32f4xx_can.c 0x00000000   Number         0  stm32f4xx_can.o ABSOLUTE
    ..\..\..\Libraries\STM32F4xx_StdPeriph_Driver\src\stm32f4xx_crc.c 0x00000000   Number         0  stm32f4xx_crc.o ABSOLUTE
    ..\..\..\Libraries\STM32F4xx_StdPeriph_Driver\src\stm32f4xx_cryp.c 0x00000000   Number         0  stm32f4xx_cryp.o ABSOLUTE
    ..\..\..\Libraries\STM32F4xx_StdPeriph_Driver\src\stm32f4xx_cryp_aes.c 0x00000000   Number         0  stm32f4xx_cryp_aes.o ABSOLUTE
    ..\..\..\Libraries\STM32F4xx_StdPeriph_Driver\src\stm32f4xx_cryp_des.c 0x00000000   Number         0  stm32f4xx_cryp_des.o ABSOLUTE
    ..\..\..\Libraries\STM32F4xx_StdPeriph_Driver\src\stm32f4xx_cryp_tdes.c 0x00000000   Number         0  stm32f4xx_cryp_tdes.o ABSOLUTE
    ..\..\..\Libraries\STM32F4xx_StdPeriph_Driver\src\stm32f4xx_dac.c 0x00000000   Number         0  stm32f4xx_dac.o ABSOLUTE
    ..\..\..\Libraries\STM32F4xx_StdPeriph_Driver\src\stm32f4xx_dbgmcu.c 0x00000000   Number         0  stm32f4xx_dbgmcu.o ABSOLUTE
    ..\..\..\Libraries\STM32F4xx_StdPeriph_Driver\src\stm32f4xx_dcmi.c 0x00000000   Number         0  stm32f4xx_dcmi.o ABSOLUTE
    ..\..\..\Libraries\STM32F4xx_StdPeriph_Driver\src\stm32f4xx_dfsdm.c 0x00000000   Number         0  stm32f4xx_dfsdm.o ABSOLUTE
    ..\..\..\Libraries\STM32F4xx_StdPeriph_Driver\src\stm32f4xx_dma.c 0x00000000   Number         0  stm32f4xx_dma.o ABSOLUTE
    ..\..\..\Libraries\STM32F4xx_StdPeriph_Driver\src\stm32f4xx_dma2d.c 0x00000000   Number         0  stm32f4xx_dma2d.o ABSOLUTE
    ..\..\..\Libraries\STM32F4xx_StdPeriph_Driver\src\stm32f4xx_exti.c 0x00000000   Number         0  stm32f4xx_exti.o ABSOLUTE
    ..\..\..\Libraries\STM32F4xx_StdPeriph_Driver\src\stm32f4xx_flash.c 0x00000000   Number         0  stm32f4xx_flash.o ABSOLUTE
    ..\..\..\Libraries\STM32F4xx_StdPeriph_Driver\src\stm32f4xx_fmpi2c.c 0x00000000   Number         0  stm32f4xx_fmpi2c.o ABSOLUTE
    ..\..\..\Libraries\STM32F4xx_StdPeriph_Driver\src\stm32f4xx_fsmc.c 0x00000000   Number         0  stm32f4xx_fsmc.o ABSOLUTE
    ..\..\..\Libraries\STM32F4xx_StdPeriph_Driver\src\stm32f4xx_gpio.c 0x00000000   Number         0  stm32f4xx_gpio.o ABSOLUTE
    ..\..\..\Libraries\STM32F4xx_StdPeriph_Driver\src\stm32f4xx_hash.c 0x00000000   Number         0  stm32f4xx_hash.o ABSOLUTE
    ..\..\..\Libraries\STM32F4xx_StdPeriph_Driver\src\stm32f4xx_hash_md5.c 0x00000000   Number         0  stm32f4xx_hash_md5.o ABSOLUTE
    ..\..\..\Libraries\STM32F4xx_StdPeriph_Driver\src\stm32f4xx_hash_sha1.c 0x00000000   Number         0  stm32f4xx_hash_sha1.o ABSOLUTE
    ..\..\..\Libraries\STM32F4xx_StdPeriph_Driver\src\stm32f4xx_i2c.c 0x00000000   Number         0  stm32f4xx_i2c.o ABSOLUTE
    ..\..\..\Libraries\STM32F4xx_StdPeriph_Driver\src\stm32f4xx_iwdg.c 0x00000000   Number         0  stm32f4xx_iwdg.o ABSOLUTE
    ..\..\..\Libraries\STM32F4xx_StdPeriph_Driver\src\stm32f4xx_lptim.c 0x00000000   Number         0  stm32f4xx_lptim.o ABSOLUTE
    ..\..\..\Libraries\STM32F4xx_StdPeriph_Driver\src\stm32f4xx_ltdc.c 0x00000000   Number         0  stm32f4xx_ltdc.o ABSOLUTE
    ..\..\..\Libraries\STM32F4xx_StdPeriph_Driver\src\stm32f4xx_pwr.c 0x00000000   Number         0  stm32f4xx_pwr.o ABSOLUTE
    ..\..\..\Libraries\STM32F4xx_StdPeriph_Driver\src\stm32f4xx_rcc.c 0x00000000   Number         0  stm32f4xx_rcc.o ABSOLUTE
    ..\..\..\Libraries\STM32F4xx_StdPeriph_Driver\src\stm32f4xx_rng.c 0x00000000   Number         0  stm32f4xx_rng.o ABSOLUTE
    ..\..\..\Libraries\STM32F4xx_StdPeriph_Driver\src\stm32f4xx_rtc.c 0x00000000   Number         0  stm32f4xx_rtc.o ABSOLUTE
    ..\..\..\Libraries\STM32F4xx_StdPeriph_Driver\src\stm32f4xx_sai.c 0x00000000   Number         0  stm32f4xx_sai.o ABSOLUTE
    ..\..\..\Libraries\STM32F4xx_StdPeriph_Driver\src\stm32f4xx_sdio.c 0x00000000   Number         0  stm32f4xx_sdio.o ABSOLUTE
    ..\..\..\Libraries\STM32F4xx_StdPeriph_Driver\src\stm32f4xx_spdifrx.c 0x00000000   Number         0  stm32f4xx_spdifrx.o ABSOLUTE
    ..\..\..\Libraries\STM32F4xx_StdPeriph_Driver\src\stm32f4xx_spi.c 0x00000000   Number         0  stm32f4xx_spi.o ABSOLUTE
    ..\..\..\Libraries\STM32F4xx_StdPeriph_Driver\src\stm32f4xx_syscfg.c 0x00000000   Number         0  stm32f4xx_syscfg.o ABSOLUTE
    ..\..\..\Libraries\STM32F4xx_StdPeriph_Driver\src\stm32f4xx_tim.c 0x00000000   Number         0  stm32f4xx_tim.o ABSOLUTE
    ..\..\..\Libraries\STM32F4xx_StdPeriph_Driver\src\stm32f4xx_usart.c 0x00000000   Number         0  stm32f4xx_usart.o ABSOLUTE
    ..\..\..\Libraries\STM32F4xx_StdPeriph_Driver\src\stm32f4xx_wwdg.c 0x00000000   Number         0  stm32f4xx_wwdg.o ABSOLUTE
    ..\\_Layer\\board.c                      0x00000000   Number         0  board.o ABSOLUTE
    ..\\_Layer\\buttom.c                     0x00000000   Number         0  buttom.o ABSOLUTE
    ..\\_Layer\\encoder.c                    0x00000000   Number         0  encoder.o ABSOLUTE
    ..\\_Layer\\gyro.c                       0x00000000   Number         0  gyro.o ABSOLUTE
    ..\\_Layer\\laser.c                      0x00000000   Number         0  laser.o ABSOLUTE
    ..\\_Layer\\motor.c                      0x00000000   Number         0  motor.o ABSOLUTE
    ..\\_Layer\\serial.c                     0x00000000   Number         0  serial.o ABSOLUTE
    ..\\_Layer\\servo.c                      0x00000000   Number         0  servo.o ABSOLUTE
    ..\\_Layer\\systick.c                    0x00000000   Number         0  systick.o ABSOLUTE
    ..\_Layer\board.c                        0x00000000   Number         0  board.o ABSOLUTE
    ..\_Layer\buttom.c                       0x00000000   Number         0  buttom.o ABSOLUTE
    ..\_Layer\encoder.c                      0x00000000   Number         0  encoder.o ABSOLUTE
    ..\_Layer\gyro.c                         0x00000000   Number         0  gyro.o ABSOLUTE
    ..\_Layer\laser.c                        0x00000000   Number         0  laser.o ABSOLUTE
    ..\_Layer\motor.c                        0x00000000   Number         0  motor.o ABSOLUTE
    ..\_Layer\serial.c                       0x00000000   Number         0  serial.o ABSOLUTE
    ..\_Layer\servo.c                        0x00000000   Number         0  servo.o ABSOLUTE
    ..\_Layer\systick.c                      0x00000000   Number         0  systick.o ABSOLUTE
    ..\_Logic\line.c                         0x00000000   Number         0  line.o ABSOLUTE
    ..\stm32f4xx_it.c                        0x00000000   Number         0  stm32f4xx_it.o ABSOLUTE
    ..\system_stm32f4xx.c                    0x00000000   Number         0  system_stm32f4xx.o ABSOLUTE
    cdcmple.s                                0x00000000   Number         0  cdcmple.o ABSOLUTE
    cdrcmple.s                               0x00000000   Number         0  cdrcmple.o ABSOLUTE
    dc.s                                     0x00000000   Number         0  dc.o ABSOLUTE
    handlers.s                               0x00000000   Number         0  handlers.o ABSOLUTE
    init.s                                   0x00000000   Number         0  init.o ABSOLUTE
    RESET                                    0x08000000   Section      392  startup_stm32f40_41xxx.o(RESET)
    .ARM.Collect$$$$00000000                 0x08000188   Section        0  entry.o(.ARM.Collect$$$$00000000)
    .ARM.Collect$$$$00000001                 0x08000188   Section        4  entry2.o(.ARM.Collect$$$$00000001)
    .ARM.Collect$$$$00000004                 0x0800018c   Section        4  entry5.o(.ARM.Collect$$$$00000004)
    .ARM.Collect$$$$00000008                 0x08000190   Section        0  entry7b.o(.ARM.Collect$$$$00000008)
    .ARM.Collect$$$$0000000A                 0x08000190   Section        0  entry8b.o(.ARM.Collect$$$$0000000A)
    .ARM.Collect$$$$0000000B                 0x08000190   Section        8  entry9a.o(.ARM.Collect$$$$0000000B)
    .ARM.Collect$$$$0000000D                 0x08000198   Section        0  entry10a.o(.ARM.Collect$$$$0000000D)
    .ARM.Collect$$$$0000000F                 0x08000198   Section        0  entry11a.o(.ARM.Collect$$$$0000000F)
    .ARM.Collect$$$$00002712                 0x08000198   Section        4  entry2.o(.ARM.Collect$$$$00002712)
    __lit__00000000                          0x08000198   Data           4  entry2.o(.ARM.Collect$$$$00002712)
    .text                                    0x0800019c   Section        0  system_stm32f4xx.o(.text)
    SetSysClock                              0x0800019d   Thumb Code   220  system_stm32f4xx.o(.text)
    .text                                    0x080003ac   Section        0  stm32f4xx_it.o(.text)
    .text                                    0x08000428   Section        0  main.o(.text)
    .text                                    0x08000470   Section        0  stm32f4xx_tim.o(.text)
    TI4_Config                               0x08000c0f   Thumb Code    80  stm32f4xx_tim.o(.text)
    TI3_Config                               0x08000c71   Thumb Code    72  stm32f4xx_tim.o(.text)
    TI2_Config                               0x08000cd3   Thumb Code    90  stm32f4xx_tim.o(.text)
    TI1_Config                               0x08000d3f   Thumb Code    58  stm32f4xx_tim.o(.text)
    .text                                    0x08001114   Section        0  stm32f4xx_adc.o(.text)
    .text                                    0x08001578   Section        0  stm32f4xx_usart.o(.text)
    .text                                    0x080019cc   Section        0  misc.o(.text)
    .text                                    0x08001aac   Section        0  stm32f4xx_exti.o(.text)
    .text                                    0x08001bbc   Section        0  stm32f4xx_rcc.o(.text)
    .text                                    0x08002218   Section        0  stm32f4xx_gpio.o(.text)
    .text                                    0x080024ac   Section        0  stm32f4xx_dma.o(.text)
    .text                                    0x08002854   Section       36  startup_stm32f40_41xxx.o(.text)
    $v0                                      0x08002854   Number         0  startup_stm32f40_41xxx.o(.text)
    .text                                    0x08002878   Section        0  board.o(.text)
    .text                                    0x080028c8   Section        0  serial.o(.text)
    .text                                    0x080029d8   Section        0  systick.o(.text)
    __NVIC_SetPriority                       0x080029d9   Thumb Code    32  systick.o(.text)
    .text                                    0x08002a5c   Section        0  motor.o(.text)
    .text                                    0x08002d38   Section        0  encoder.o(.text)
    _CaptureFrequency                        0x08002e37   Thumb Code   108  encoder.o(.text)
    .text                                    0x08002f8c   Section        0  buttom.o(.text)
    .text                                    0x08003230   Section        0  gyro.o(.text)
    .text                                    0x08003868   Section        0  dmul.o(.text)
    .text                                    0x0800394c   Section        0  ddiv.o(.text)
    .text                                    0x08003a2a   Section        0  dflti.o(.text)
    .text                                    0x08003a4c   Section        0  dfixi.o(.text)
    .text                                    0x08003a8c   Section       48  cdcmple.o(.text)
    .text                                    0x08003abc   Section       48  cdrcmple.o(.text)
    .text                                    0x08003aec   Section        0  llushr.o(.text)
    .text                                    0x08003b0c   Section        0  depilogue.o(.text)
    .text                                    0x08003b0c   Section        0  iusefp.o(.text)
    .text                                    0x08003bc8   Section       36  init.o(.text)
    .text                                    0x08003bec   Section        0  llshl.o(.text)
    i._DelayOneMs_Interrupt                  0x08003c0c   Section        0  systick.o(i._DelayOneMs_Interrupt)
    i._LaserEdgeTrigger_Interrupt            0x08003c24   Section        0  laser.o(i._LaserEdgeTrigger_Interrupt)
    i._Timer2Capture_Interrupt               0x08003c4c   Section        0  encoder.o(i._Timer2Capture_Interrupt)
    i._Timer5Capture_Interrupt               0x08003ce0   Section        0  encoder.o(i._Timer5Capture_Interrupt)
    i._UsartReceive_Interrupt                0x08003d70   Section        0  serial.o(i._UsartReceive_Interrupt)
    i.__0printf$bare                         0x08003de8   Section        0  printfb.o(i.__0printf$bare)
    i.__scatterload_copy                     0x08003df8   Section       14  handlers.o(i.__scatterload_copy)
    i.__scatterload_null                     0x08003e06   Section        2  handlers.o(i.__scatterload_null)
    i.__scatterload_zeroinit                 0x08003e08   Section       14  handlers.o(i.__scatterload_zeroinit)
    i._forwardTime_Interrupt                 0x08003e18   Section        0  motor.o(i._forwardTime_Interrupt)
    i._printf_core                           0x08003e60   Section        0  printfb.o(i._printf_core)
    _printf_core                             0x08003e61   Thumb Code    34  printfb.o(i._printf_core)
    i._updateSysTick_Interrupt               0x08003e84   Section        0  board.o(i._updateSysTick_Interrupt)
    .constdata                               0x08003ed4   Section       34  buttom.o(.constdata)
    _ADC_MAP                                 0x08003ed4   Data          16  buttom.o(.constdata)
    _ADC_CHANNAL_MAP                         0x08003ee4   Data          18  buttom.o(.constdata)
    .data                                    0x20000000   Section       20  system_stm32f4xx.o(.data)
    .data                                    0x20000014   Section       16  stm32f4xx_rcc.o(.data)
    APBAHBPrescTable                         0x20000014   Data          16  stm32f4xx_rcc.o(.data)
    .data                                    0x20000024   Section       12  board.o(.data)
    _timeBaseStructure                       0x20000024   Data           8  board.o(.data)
    _timeTick                                0x2000002c   Data           4  board.o(.data)
    .data                                    0x20000030   Section        4  systick.o(.data)
    _timingDelay                             0x20000030   Data           4  systick.o(.data)
    .data                                    0x20000034   Section       20  motor.o(.data)
    _motorSpeed                              0x20000034   Data           8  motor.o(.data)
    _motorMode                               0x2000003c   Data           1  motor.o(.data)
    _motorUpgradeTag                         0x20000040   Data           4  motor.o(.data)
    _timeTick                                0x20000044   Data           4  motor.o(.data)
    .data                                    0x20000048   Section       24  encoder.o(.data)
    _speedValueRF                            0x20000048   Data           4  encoder.o(.data)
    _updateTimesRF                           0x2000004c   Data           1  encoder.o(.data)
    _triggerCountRF                          0x20000050   Data           4  encoder.o(.data)
    _speedValueLR                            0x20000054   Data           4  encoder.o(.data)
    _updateTimesLR                           0x20000058   Data           1  encoder.o(.data)
    _triggerCountLR                          0x2000005c   Data           4  encoder.o(.data)
    .data                                    0x20000060   Section       30  gyro.o(.data)
    .data                                    0x2000007e   Section        1  laser.o(.data)
    _laserState                              0x2000007e   Data           1  laser.o(.data)
    .data                                    0x20000080   Section        4  stdout.o(.data)
    .data__ZZ23_UsartReceive_InterruptE3tag  0x20000084   Section        4  serial.o(.data__ZZ23_UsartReceive_InterruptE3tag)
    .data__ZZ23_UsartReceive_InterruptE6handle 0x20000088   Section        4  serial.o(.data__ZZ23_UsartReceive_InterruptE6handle)
    .data__ZZ24_Timer2Capture_InterruptE14_timerOverFlow 0x2000008c   Section        1  encoder.o(.data__ZZ24_Timer2Capture_InterruptE14_timerOverFlow)
    .data__ZZ24_Timer5Capture_InterruptE14_timerOverFlow 0x2000008d   Section        1  encoder.o(.data__ZZ24_Timer5Capture_InterruptE14_timerOverFlow)
    .bss                                     0x20000090   Section       32  buttom.o(.bss)
    _adc                                     0x20000090   Data          32  buttom.o(.bss)
    .bss                                     0x200000b0   Section       48  gyro.o(.bss)
    _bufferReturn                            0x200000b0   Data          48  gyro.o(.bss)
    .bss__ZZ23_UsartReceive_InterruptE6buffer 0x200000e0   Section       50  serial.o(.bss__ZZ23_UsartReceive_InterruptE6buffer)
    STACK                                    0x20000118   Section     1024  startup_stm32f40_41xxx.o(STACK)

    Global Symbols

    Symbol Name                              Value     Ov Type        Size  Object(Section)

    BuildAttributes$$THM_ISAv4$E$P$D$K$B$S$7EM$VFPi3$EXTD16$VFPS$VFMA$PE$A:L22UL41UL21$X:L11$S22US41US21$IEEE1$IW$USESV6$~STKCKD$USESV7$~SHL$OSPACE$ROPI$EBA8$MICROLIB$REQ8$PRES8$EABIv2 0x00000000   Number         0  anon$$obj.o ABSOLUTE
    __ARM_use_no_argv                        0x00000000   Number         0  main.o ABSOLUTE
    __cpp_initialize__aeabi_                  - Undefined Weak Reference
    __cxa_finalize                            - Undefined Weak Reference
    __decompress                              - Undefined Weak Reference
    _clock_init                               - Undefined Weak Reference
    _microlib_exit                            - Undefined Weak Reference
    __Vectors_Size                           0x00000188   Number         0  startup_stm32f40_41xxx.o ABSOLUTE
    __Vectors                                0x08000000   Data           4  startup_stm32f40_41xxx.o(RESET)
    __Vectors_End                            0x08000188   Data           0  startup_stm32f40_41xxx.o(RESET)
    __main                                   0x08000189   Thumb Code     0  entry.o(.ARM.Collect$$$$00000000)
    _main_stk                                0x08000189   Thumb Code     0  entry2.o(.ARM.Collect$$$$00000001)
    _main_scatterload                        0x0800018d   Thumb Code     0  entry5.o(.ARM.Collect$$$$00000004)
    __main_after_scatterload                 0x08000191   Thumb Code     0  entry5.o(.ARM.Collect$$$$00000004)
    _main_clock                              0x08000191   Thumb Code     0  entry7b.o(.ARM.Collect$$$$00000008)
    _main_cpp_init                           0x08000191   Thumb Code     0  entry8b.o(.ARM.Collect$$$$0000000A)
    _main_init                               0x08000191   Thumb Code     0  entry9a.o(.ARM.Collect$$$$0000000B)
    __rt_final_cpp                           0x08000199   Thumb Code     0  entry10a.o(.ARM.Collect$$$$0000000D)
    __rt_final_exit                          0x08000199   Thumb Code     0  entry11a.o(.ARM.Collect$$$$0000000F)
    SystemInit                               0x08000279   Thumb Code    88  system_stm32f4xx.o(.text)
    SystemCoreClockUpdate                    0x080002d1   Thumb Code   174  system_stm32f4xx.o(.text)
    NMI_Handler                              0x080003ad   Thumb Code     2  stm32f4xx_it.o(.text)
    HardFault_Handler                        0x080003af   Thumb Code     4  stm32f4xx_it.o(.text)
    MemManage_Handler                        0x080003b3   Thumb Code     4  stm32f4xx_it.o(.text)
    BusFault_Handler                         0x080003b7   Thumb Code     4  stm32f4xx_it.o(.text)
    UsageFault_Handler                       0x080003bb   Thumb Code     4  stm32f4xx_it.o(.text)
    SVC_Handler                              0x080003bf   Thumb Code     2  stm32f4xx_it.o(.text)
    DebugMon_Handler                         0x080003c1   Thumb Code     2  stm32f4xx_it.o(.text)
    PendSV_Handler                           0x080003c3   Thumb Code     2  stm32f4xx_it.o(.text)
    SysTick_Handler                          0x080003c5   Thumb Code    16  stm32f4xx_it.o(.text)
    USART1_IRQHandler                        0x080003d5   Thumb Code     8  stm32f4xx_it.o(.text)
    USART3_IRQHandler                        0x080003dd   Thumb Code     8  stm32f4xx_it.o(.text)
    TIM2_IRQHandler                          0x080003e5   Thumb Code     8  stm32f4xx_it.o(.text)
    TIM5_IRQHandler                          0x080003ed   Thumb Code     8  stm32f4xx_it.o(.text)
    EXTI0_IRQHandler                         0x080003f5   Thumb Code     8  stm32f4xx_it.o(.text)
    DMA2_Stream7_IRQHandler                  0x080003fd   Thumb Code    32  stm32f4xx_it.o(.text)
    main                                     0x08000429   Thumb Code    54  main.o(.text)
    TIM_DeInit                               0x08000471   Thumb Code   346  stm32f4xx_tim.o(.text)
    TIM_TimeBaseInit                         0x080005cb   Thumb Code   104  stm32f4xx_tim.o(.text)
    TIM_TimeBaseStructInit                   0x08000633   Thumb Code    18  stm32f4xx_tim.o(.text)
    TIM_PrescalerConfig                      0x08000645   Thumb Code     6  stm32f4xx_tim.o(.text)
    TIM_CounterModeConfig                    0x0800064b   Thumb Code    18  stm32f4xx_tim.o(.text)
    TIM_SetCounter                           0x0800065d   Thumb Code     4  stm32f4xx_tim.o(.text)
    TIM_SetAutoreload                        0x08000661   Thumb Code     4  stm32f4xx_tim.o(.text)
    TIM_GetCounter                           0x08000665   Thumb Code     6  stm32f4xx_tim.o(.text)
    TIM_GetPrescaler                         0x0800066b   Thumb Code     6  stm32f4xx_tim.o(.text)
    TIM_UpdateDisableConfig                  0x08000671   Thumb Code    24  stm32f4xx_tim.o(.text)
    TIM_UpdateRequestConfig                  0x08000689   Thumb Code    24  stm32f4xx_tim.o(.text)
    TIM_ARRPreloadConfig                     0x080006a1   Thumb Code    24  stm32f4xx_tim.o(.text)
    TIM_SelectOnePulseMode                   0x080006b9   Thumb Code    18  stm32f4xx_tim.o(.text)
    TIM_SetClockDivision                     0x080006cb   Thumb Code    18  stm32f4xx_tim.o(.text)
    TIM_Cmd                                  0x080006dd   Thumb Code    24  stm32f4xx_tim.o(.text)
    TIM_OC1Init                              0x080006f5   Thumb Code   114  stm32f4xx_tim.o(.text)
    TIM_OC2Init                              0x08000767   Thumb Code   154  stm32f4xx_tim.o(.text)
    TIM_OC3Init                              0x08000801   Thumb Code   204  stm32f4xx_tim.o(.text)
    TIM_OC4Init                              0x080008cd   Thumb Code   112  stm32f4xx_tim.o(.text)
    TIM_OCStructInit                         0x0800093d   Thumb Code    20  stm32f4xx_tim.o(.text)
    TIM_SelectOCxM                           0x08000951   Thumb Code    86  stm32f4xx_tim.o(.text)
    TIM_SetCompare1                          0x080009a7   Thumb Code     4  stm32f4xx_tim.o(.text)
    TIM_SetCompare2                          0x080009ab   Thumb Code     4  stm32f4xx_tim.o(.text)
    TIM_SetCompare3                          0x080009af   Thumb Code     4  stm32f4xx_tim.o(.text)
    TIM_SetCompare4                          0x080009b3   Thumb Code     4  stm32f4xx_tim.o(.text)
    TIM_ForcedOC1Config                      0x080009b7   Thumb Code    18  stm32f4xx_tim.o(.text)
    TIM_ForcedOC2Config                      0x080009c9   Thumb Code    26  stm32f4xx_tim.o(.text)
    TIM_ForcedOC3Config                      0x080009e3   Thumb Code    18  stm32f4xx_tim.o(.text)
    TIM_ForcedOC4Config                      0x080009f5   Thumb Code    26  stm32f4xx_tim.o(.text)
    TIM_OC1PreloadConfig                     0x08000a0f   Thumb Code    18  stm32f4xx_tim.o(.text)
    TIM_OC2PreloadConfig                     0x08000a21   Thumb Code    26  stm32f4xx_tim.o(.text)
    TIM_OC3PreloadConfig                     0x08000a3b   Thumb Code    18  stm32f4xx_tim.o(.text)
    TIM_OC4PreloadConfig                     0x08000a4d   Thumb Code    26  stm32f4xx_tim.o(.text)
    TIM_OC1FastConfig                        0x08000a67   Thumb Code    18  stm32f4xx_tim.o(.text)
    TIM_OC2FastConfig                        0x08000a79   Thumb Code    26  stm32f4xx_tim.o(.text)
    TIM_OC3FastConfig                        0x08000a93   Thumb Code    18  stm32f4xx_tim.o(.text)
    TIM_OC4FastConfig                        0x08000aa5   Thumb Code    26  stm32f4xx_tim.o(.text)
    TIM_ClearOC1Ref                          0x08000abf   Thumb Code    18  stm32f4xx_tim.o(.text)
    TIM_ClearOC2Ref                          0x08000ad1   Thumb Code    24  stm32f4xx_tim.o(.text)
    TIM_ClearOC3Ref                          0x08000ae9   Thumb Code    18  stm32f4xx_tim.o(.text)
    TIM_ClearOC4Ref                          0x08000afb   Thumb Code    24  stm32f4xx_tim.o(.text)
    TIM_OC1PolarityConfig                    0x08000b13   Thumb Code    18  stm32f4xx_tim.o(.text)
    TIM_OC1NPolarityConfig                   0x08000b25   Thumb Code    18  stm32f4xx_tim.o(.text)
    TIM_OC2PolarityConfig                    0x08000b37   Thumb Code    26  stm32f4xx_tim.o(.text)
    TIM_OC2NPolarityConfig                   0x08000b51   Thumb Code    26  stm32f4xx_tim.o(.text)
    TIM_OC3PolarityConfig                    0x08000b6b   Thumb Code    26  stm32f4xx_tim.o(.text)
    TIM_OC3NPolarityConfig                   0x08000b85   Thumb Code    26  stm32f4xx_tim.o(.text)
    TIM_OC4PolarityConfig                    0x08000b9f   Thumb Code    26  stm32f4xx_tim.o(.text)
    TIM_CCxCmd                               0x08000bb9   Thumb Code    30  stm32f4xx_tim.o(.text)
    TIM_CCxNCmd                              0x08000bd7   Thumb Code    30  stm32f4xx_tim.o(.text)
    TIM_SetIC4Prescaler                      0x08000bf5   Thumb Code    26  stm32f4xx_tim.o(.text)
    TIM_SetIC3Prescaler                      0x08000c5f   Thumb Code    18  stm32f4xx_tim.o(.text)
    TIM_SetIC2Prescaler                      0x08000cb9   Thumb Code    26  stm32f4xx_tim.o(.text)
    TIM_SetIC1Prescaler                      0x08000d2d   Thumb Code    18  stm32f4xx_tim.o(.text)
    TIM_ICInit                               0x08000d79   Thumb Code   110  stm32f4xx_tim.o(.text)
    TIM_ICStructInit                         0x08000de7   Thumb Code    18  stm32f4xx_tim.o(.text)
    TIM_PWMIConfig                           0x08000df9   Thumb Code   124  stm32f4xx_tim.o(.text)
    TIM_GetCapture1                          0x08000e75   Thumb Code     6  stm32f4xx_tim.o(.text)
    TIM_GetCapture2                          0x08000e7b   Thumb Code     6  stm32f4xx_tim.o(.text)
    TIM_GetCapture3                          0x08000e81   Thumb Code     6  stm32f4xx_tim.o(.text)
    TIM_GetCapture4                          0x08000e87   Thumb Code     6  stm32f4xx_tim.o(.text)
    TIM_BDTRConfig                           0x08000e8d   Thumb Code    32  stm32f4xx_tim.o(.text)
    TIM_BDTRStructInit                       0x08000ead   Thumb Code    18  stm32f4xx_tim.o(.text)
    TIM_CtrlPWMOutputs                       0x08000ebf   Thumb Code    30  stm32f4xx_tim.o(.text)
    TIM_SelectCOM                            0x08000edd   Thumb Code    24  stm32f4xx_tim.o(.text)
    TIM_CCPreloadControl                     0x08000ef5   Thumb Code    24  stm32f4xx_tim.o(.text)
    TIM_ITConfig                             0x08000f0d   Thumb Code    18  stm32f4xx_tim.o(.text)
    TIM_GenerateEvent                        0x08000f1f   Thumb Code     4  stm32f4xx_tim.o(.text)
    TIM_GetFlagStatus                        0x08000f23   Thumb Code    18  stm32f4xx_tim.o(.text)
    TIM_ClearFlag                            0x08000f35   Thumb Code     6  stm32f4xx_tim.o(.text)
    TIM_GetITStatus                          0x08000f3b   Thumb Code    34  stm32f4xx_tim.o(.text)
    TIM_ClearITPendingBit                    0x08000f5d   Thumb Code     6  stm32f4xx_tim.o(.text)
    TIM_DMAConfig                            0x08000f63   Thumb Code    10  stm32f4xx_tim.o(.text)
    TIM_DMACmd                               0x08000f6d   Thumb Code    18  stm32f4xx_tim.o(.text)
    TIM_SelectCCDMA                          0x08000f7f   Thumb Code    24  stm32f4xx_tim.o(.text)
    TIM_InternalClockConfig                  0x08000f97   Thumb Code    12  stm32f4xx_tim.o(.text)
    TIM_SelectInputTrigger                   0x08000fa3   Thumb Code    18  stm32f4xx_tim.o(.text)
    TIM_ITRxExternalClockConfig              0x08000fb5   Thumb Code    24  stm32f4xx_tim.o(.text)
    TIM_TIxExternalClockConfig               0x08000fcd   Thumb Code    62  stm32f4xx_tim.o(.text)
    TIM_ETRConfig                            0x0800100b   Thumb Code    28  stm32f4xx_tim.o(.text)
    TIM_ETRClockMode1Config                  0x08001027   Thumb Code    54  stm32f4xx_tim.o(.text)
    TIM_ETRClockMode2Config                  0x0800105d   Thumb Code    32  stm32f4xx_tim.o(.text)
    TIM_SelectOutputTrigger                  0x0800107d   Thumb Code    18  stm32f4xx_tim.o(.text)
    TIM_SelectSlaveMode                      0x0800108f   Thumb Code    18  stm32f4xx_tim.o(.text)
    TIM_SelectMasterSlaveMode                0x080010a1   Thumb Code    18  stm32f4xx_tim.o(.text)
    TIM_EncoderInterfaceConfig               0x080010b3   Thumb Code    66  stm32f4xx_tim.o(.text)
    TIM_SelectHallSensor                     0x080010f5   Thumb Code    24  stm32f4xx_tim.o(.text)
    TIM_RemapConfig                          0x0800110d   Thumb Code     6  stm32f4xx_tim.o(.text)
    ADC_DeInit                               0x08001115   Thumb Code    22  stm32f4xx_adc.o(.text)
    ADC_Init                                 0x0800112b   Thumb Code    74  stm32f4xx_adc.o(.text)
    ADC_StructInit                           0x08001175   Thumb Code    20  stm32f4xx_adc.o(.text)
    ADC_CommonInit                           0x08001189   Thumb Code    34  stm32f4xx_adc.o(.text)
    ADC_CommonStructInit                     0x080011ab   Thumb Code    12  stm32f4xx_adc.o(.text)
    ADC_Cmd                                  0x080011b7   Thumb Code    22  stm32f4xx_adc.o(.text)
    ADC_AnalogWatchdogCmd                    0x080011cd   Thumb Code    16  stm32f4xx_adc.o(.text)
    ADC_AnalogWatchdogThresholdsConfig       0x080011dd   Thumb Code     6  stm32f4xx_adc.o(.text)
    ADC_AnalogWatchdogSingleChannelConfig    0x080011e3   Thumb Code    16  stm32f4xx_adc.o(.text)
    ADC_TempSensorVrefintCmd                 0x080011f3   Thumb Code    34  stm32f4xx_adc.o(.text)
    ADC_VBATCmd                              0x08001215   Thumb Code    34  stm32f4xx_adc.o(.text)
    ADC_RegularChannelConfig                 0x08001237   Thumb Code   184  stm32f4xx_adc.o(.text)
    ADC_SoftwareStartConv                    0x080012ef   Thumb Code    10  stm32f4xx_adc.o(.text)
    ADC_GetSoftwareStartConvStatus           0x080012f9   Thumb Code    20  stm32f4xx_adc.o(.text)
    ADC_EOCOnEachRegularChannelCmd           0x0800130d   Thumb Code    22  stm32f4xx_adc.o(.text)
    ADC_ContinuousModeCmd                    0x08001323   Thumb Code    22  stm32f4xx_adc.o(.text)
    ADC_DiscModeChannelCountConfig           0x08001339   Thumb Code    24  stm32f4xx_adc.o(.text)
    ADC_DiscModeCmd                          0x08001351   Thumb Code    22  stm32f4xx_adc.o(.text)
    ADC_GetConversionValue                   0x08001367   Thumb Code     8  stm32f4xx_adc.o(.text)
    ADC_GetMultiModeConversionValue          0x0800136f   Thumb Code     8  stm32f4xx_adc.o(.text)
    ADC_DMACmd                               0x08001377   Thumb Code    22  stm32f4xx_adc.o(.text)
    ADC_DMARequestAfterLastTransferCmd       0x0800138d   Thumb Code    22  stm32f4xx_adc.o(.text)
    ADC_MultiModeDMARequestAfterLastTransferCmd 0x080013a3   Thumb Code    34  stm32f4xx_adc.o(.text)
    ADC_InjectedChannelConfig                0x080013c5   Thumb Code   130  stm32f4xx_adc.o(.text)
    ADC_InjectedSequencerLengthConfig        0x08001447   Thumb Code    24  stm32f4xx_adc.o(.text)
    ADC_SetInjectedOffset                    0x0800145f   Thumb Code    20  stm32f4xx_adc.o(.text)
    ADC_ExternalTrigInjectedConvConfig       0x08001473   Thumb Code    16  stm32f4xx_adc.o(.text)
    ADC_ExternalTrigInjectedConvEdgeConfig   0x08001483   Thumb Code    16  stm32f4xx_adc.o(.text)
    ADC_SoftwareStartInjectedConv            0x08001493   Thumb Code    10  stm32f4xx_adc.o(.text)
    ADC_GetSoftwareStartInjectedConvCmdStatus 0x0800149d   Thumb Code    20  stm32f4xx_adc.o(.text)
    ADC_AutoInjectedConvCmd                  0x080014b1   Thumb Code    22  stm32f4xx_adc.o(.text)
    ADC_InjectedDiscModeCmd                  0x080014c7   Thumb Code    22  stm32f4xx_adc.o(.text)
    ADC_GetInjectedConversionValue           0x080014dd   Thumb Code    28  stm32f4xx_adc.o(.text)
    ADC_ITConfig                             0x080014f9   Thumb Code    56  stm32f4xx_adc.o(.text)
    ADC_GetFlagStatus                        0x08001531   Thumb Code    18  stm32f4xx_adc.o(.text)
    ADC_ClearFlag                            0x08001543   Thumb Code     6  stm32f4xx_adc.o(.text)
    ADC_GetITStatus                          0x08001549   Thumb Code    38  stm32f4xx_adc.o(.text)
    ADC_ClearITPendingBit                    0x0800156f   Thumb Code    10  stm32f4xx_adc.o(.text)
    USART_DeInit                             0x08001579   Thumb Code   206  stm32f4xx_usart.o(.text)
    USART_Init                               0x08001647   Thumb Code   204  stm32f4xx_usart.o(.text)
    USART_StructInit                         0x08001713   Thumb Code    24  stm32f4xx_usart.o(.text)
    USART_ClockInit                          0x0800172b   Thumb Code    32  stm32f4xx_usart.o(.text)
    USART_ClockStructInit                    0x0800174b   Thumb Code    12  stm32f4xx_usart.o(.text)
    USART_Cmd                                0x08001757   Thumb Code    24  stm32f4xx_usart.o(.text)
    USART_SetPrescaler                       0x0800176f   Thumb Code    16  stm32f4xx_usart.o(.text)
    USART_OverSampling8Cmd                   0x0800177f   Thumb Code    22  stm32f4xx_usart.o(.text)
    USART_OneBitMethodCmd                    0x08001795   Thumb Code    24  stm32f4xx_usart.o(.text)
    USART_SendData                           0x080017ad   Thumb Code     8  stm32f4xx_usart.o(.text)
    USART_ReceiveData                        0x080017b5   Thumb Code    10  stm32f4xx_usart.o(.text)
    USART_SetAddress                         0x080017bf   Thumb Code    18  stm32f4xx_usart.o(.text)
    USART_ReceiverWakeUpCmd                  0x080017d1   Thumb Code    24  stm32f4xx_usart.o(.text)
    USART_WakeUpConfig                       0x080017e9   Thumb Code    18  stm32f4xx_usart.o(.text)
    USART_LINBreakDetectLengthConfig         0x080017fb   Thumb Code    18  stm32f4xx_usart.o(.text)
    USART_LINCmd                             0x0800180d   Thumb Code    24  stm32f4xx_usart.o(.text)
    USART_SendBreak                          0x08001825   Thumb Code    10  stm32f4xx_usart.o(.text)
    USART_HalfDuplexCmd                      0x0800182f   Thumb Code    24  stm32f4xx_usart.o(.text)
    USART_SetGuardTime                       0x08001847   Thumb Code    16  stm32f4xx_usart.o(.text)
    USART_SmartCardCmd                       0x08001857   Thumb Code    24  stm32f4xx_usart.o(.text)
    USART_SmartCardNACKCmd                   0x0800186f   Thumb Code    24  stm32f4xx_usart.o(.text)
    USART_IrDAConfig                         0x08001887   Thumb Code    18  stm32f4xx_usart.o(.text)
    USART_IrDACmd                            0x08001899   Thumb Code    24  stm32f4xx_usart.o(.text)
    USART_DMACmd                             0x080018b1   Thumb Code    18  stm32f4xx_usart.o(.text)
    USART_ITConfig                           0x080018c3   Thumb Code    74  stm32f4xx_usart.o(.text)
    USART_GetFlagStatus                      0x0800190d   Thumb Code    26  stm32f4xx_usart.o(.text)
    USART_ClearFlag                          0x08001927   Thumb Code    18  stm32f4xx_usart.o(.text)
    USART_GetITStatus                        0x08001939   Thumb Code   118  stm32f4xx_usart.o(.text)
    USART_ClearITPendingBit                  0x080019af   Thumb Code    30  stm32f4xx_usart.o(.text)
    NVIC_PriorityGroupConfig                 0x080019cd   Thumb Code    10  misc.o(.text)
    NVIC_Init                                0x080019d7   Thumb Code   106  misc.o(.text)
    NVIC_SetVectorTable                      0x08001a41   Thumb Code    14  misc.o(.text)
    NVIC_SystemLPConfig                      0x08001a4f   Thumb Code    34  misc.o(.text)
    SysTick_CLKSourceConfig                  0x08001a71   Thumb Code    40  misc.o(.text)
    EXTI_DeInit                              0x08001aad   Thumb Code    28  stm32f4xx_exti.o(.text)
    EXTI_Init                                0x08001ac9   Thumb Code   142  stm32f4xx_exti.o(.text)
    EXTI_StructInit                          0x08001b57   Thumb Code    16  stm32f4xx_exti.o(.text)
    EXTI_GenerateSWInterrupt                 0x08001b67   Thumb Code    16  stm32f4xx_exti.o(.text)
    EXTI_GetFlagStatus                       0x08001b77   Thumb Code    22  stm32f4xx_exti.o(.text)
    EXTI_ClearFlag                           0x08001b8d   Thumb Code     8  stm32f4xx_exti.o(.text)
    EXTI_GetITStatus                         0x08001b95   Thumb Code    22  stm32f4xx_exti.o(.text)
    EXTI_ClearITPendingBit                   0x08001bab   Thumb Code     8  stm32f4xx_exti.o(.text)
    RCC_DeInit                               0x08001bbd   Thumb Code    82  stm32f4xx_rcc.o(.text)
    RCC_HSEConfig                            0x08001c0f   Thumb Code    14  stm32f4xx_rcc.o(.text)
    RCC_GetFlagStatus                        0x08001c1d   Thumb Code    60  stm32f4xx_rcc.o(.text)
    RCC_WaitForHSEStartUp                    0x08001c59   Thumb Code    56  stm32f4xx_rcc.o(.text)
    RCC_AdjustHSICalibrationValue            0x08001c91   Thumb Code    20  stm32f4xx_rcc.o(.text)
    RCC_HSICmd                               0x08001ca5   Thumb Code     6  stm32f4xx_rcc.o(.text)
    RCC_LSEConfig                            0x08001cab   Thumb Code    46  stm32f4xx_rcc.o(.text)
    RCC_LSICmd                               0x08001cd9   Thumb Code     6  stm32f4xx_rcc.o(.text)
    RCC_PLLConfig                            0x08001cdf   Thumb Code    32  stm32f4xx_rcc.o(.text)
    RCC_PLLCmd                               0x08001cff   Thumb Code     6  stm32f4xx_rcc.o(.text)
    RCC_PLLI2SConfig                         0x08001d05   Thumb Code    14  stm32f4xx_rcc.o(.text)
    RCC_PLLI2SCmd                            0x08001d13   Thumb Code     6  stm32f4xx_rcc.o(.text)
    RCC_PLLSAIConfig                         0x08001d19   Thumb Code    20  stm32f4xx_rcc.o(.text)
    RCC_PLLSAICmd                            0x08001d2d   Thumb Code     6  stm32f4xx_rcc.o(.text)
    RCC_ClockSecuritySystemCmd               0x08001d33   Thumb Code     6  stm32f4xx_rcc.o(.text)
    RCC_MCO1Config                           0x08001d39   Thumb Code    28  stm32f4xx_rcc.o(.text)
    RCC_MCO2Config                           0x08001d55   Thumb Code    28  stm32f4xx_rcc.o(.text)
    RCC_SYSCLKConfig                         0x08001d71   Thumb Code    20  stm32f4xx_rcc.o(.text)
    RCC_GetSYSCLKSource                      0x08001d85   Thumb Code    12  stm32f4xx_rcc.o(.text)
    RCC_HCLKConfig                           0x08001d91   Thumb Code    20  stm32f4xx_rcc.o(.text)
    RCC_PCLK1Config                          0x08001da5   Thumb Code    20  stm32f4xx_rcc.o(.text)
    RCC_PCLK2Config                          0x08001db9   Thumb Code    22  stm32f4xx_rcc.o(.text)
    RCC_GetClocksFreq                        0x08001dcf   Thumb Code   222  stm32f4xx_rcc.o(.text)
    RCC_RTCCLKConfig                         0x08001ead   Thumb Code    54  stm32f4xx_rcc.o(.text)
    RCC_RTCCLKCmd                            0x08001ee3   Thumb Code     8  stm32f4xx_rcc.o(.text)
    RCC_BackupResetCmd                       0x08001eeb   Thumb Code     8  stm32f4xx_rcc.o(.text)
    RCC_I2SCLKConfig                         0x08001ef3   Thumb Code     6  stm32f4xx_rcc.o(.text)
    RCC_SAIBlockACLKConfig                   0x08001ef9   Thumb Code    20  stm32f4xx_rcc.o(.text)
    RCC_SAIBlockBCLKConfig                   0x08001f0d   Thumb Code    20  stm32f4xx_rcc.o(.text)
    RCC_SAIPLLI2SClkDivConfig                0x08001f21   Thumb Code    26  stm32f4xx_rcc.o(.text)
    RCC_SAIPLLSAIClkDivConfig                0x08001f3b   Thumb Code    28  stm32f4xx_rcc.o(.text)
    RCC_LTDCCLKDivConfig                     0x08001f57   Thumb Code    20  stm32f4xx_rcc.o(.text)
    RCC_TIMCLKPresConfig                     0x08001f6b   Thumb Code     6  stm32f4xx_rcc.o(.text)
    RCC_AHB1PeriphClockCmd                   0x08001f71   Thumb Code    34  stm32f4xx_rcc.o(.text)
    RCC_AHB2PeriphClockCmd                   0x08001f93   Thumb Code    78  stm32f4xx_rcc.o(.text)
    RCC_AHB3PeriphClockCmd                   0x08001fe1   Thumb Code    34  stm32f4xx_rcc.o(.text)
    RCC_APB1PeriphClockCmd                   0x08002003   Thumb Code    34  stm32f4xx_rcc.o(.text)
    RCC_APB2PeriphClockCmd                   0x08002025   Thumb Code    34  stm32f4xx_rcc.o(.text)
    RCC_AHB1PeriphResetCmd                   0x08002047   Thumb Code    34  stm32f4xx_rcc.o(.text)
    RCC_AHB2PeriphResetCmd                   0x08002069   Thumb Code    34  stm32f4xx_rcc.o(.text)
    RCC_AHB3PeriphResetCmd                   0x0800208b   Thumb Code    34  stm32f4xx_rcc.o(.text)
    RCC_APB1PeriphResetCmd                   0x080020ad   Thumb Code    34  stm32f4xx_rcc.o(.text)
    RCC_APB2PeriphResetCmd                   0x080020cf   Thumb Code    34  stm32f4xx_rcc.o(.text)
    RCC_AHB1PeriphClockLPModeCmd             0x080020f1   Thumb Code    34  stm32f4xx_rcc.o(.text)
    RCC_AHB2PeriphClockLPModeCmd             0x08002113   Thumb Code    34  stm32f4xx_rcc.o(.text)
    RCC_AHB3PeriphClockLPModeCmd             0x08002135   Thumb Code    34  stm32f4xx_rcc.o(.text)
    RCC_APB1PeriphClockLPModeCmd             0x08002157   Thumb Code    34  stm32f4xx_rcc.o(.text)
    RCC_APB2PeriphClockLPModeCmd             0x08002179   Thumb Code    34  stm32f4xx_rcc.o(.text)
    RCC_LSEModeConfig                        0x0800219b   Thumb Code    40  stm32f4xx_rcc.o(.text)
    RCC_ITConfig                             0x080021c3   Thumb Code    34  stm32f4xx_rcc.o(.text)
    RCC_ClearFlag                            0x080021e5   Thumb Code    18  stm32f4xx_rcc.o(.text)
    RCC_GetITStatus                          0x080021f7   Thumb Code    22  stm32f4xx_rcc.o(.text)
    RCC_ClearITPendingBit                    0x0800220d   Thumb Code     8  stm32f4xx_rcc.o(.text)
    GPIO_DeInit                              0x08002219   Thumb Code   268  stm32f4xx_gpio.o(.text)
    GPIO_Init                                0x08002325   Thumb Code   144  stm32f4xx_gpio.o(.text)
    GPIO_StructInit                          0x080023b5   Thumb Code    18  stm32f4xx_gpio.o(.text)
    GPIO_PinLockConfig                       0x080023c7   Thumb Code    34  stm32f4xx_gpio.o(.text)
    GPIO_ReadInputDataBit                    0x080023e9   Thumb Code    18  stm32f4xx_gpio.o(.text)
    GPIO_ReadInputData                       0x080023fb   Thumb Code     8  stm32f4xx_gpio.o(.text)
    GPIO_ReadOutputDataBit                   0x08002403   Thumb Code    18  stm32f4xx_gpio.o(.text)
    GPIO_ReadOutputData                      0x08002415   Thumb Code     8  stm32f4xx_gpio.o(.text)
    GPIO_SetBits                             0x0800241d   Thumb Code     4  stm32f4xx_gpio.o(.text)
    GPIO_ResetBits                           0x08002421   Thumb Code     4  stm32f4xx_gpio.o(.text)
    GPIO_WriteBit                            0x08002425   Thumb Code    10  stm32f4xx_gpio.o(.text)
    GPIO_Write                               0x0800242f   Thumb Code     4  stm32f4xx_gpio.o(.text)
    GPIO_ToggleBits                          0x08002433   Thumb Code     8  stm32f4xx_gpio.o(.text)
    GPIO_PinAFConfig                         0x0800243b   Thumb Code    70  stm32f4xx_gpio.o(.text)
    DMA_DeInit                               0x080024ad   Thumb Code   324  stm32f4xx_dma.o(.text)
    DMA_Init                                 0x080025f1   Thumb Code    82  stm32f4xx_dma.o(.text)
    DMA_StructInit                           0x08002643   Thumb Code    34  stm32f4xx_dma.o(.text)
    DMA_Cmd                                  0x08002665   Thumb Code    22  stm32f4xx_dma.o(.text)
    DMA_PeriphIncOffsetSizeConfig            0x0800267b   Thumb Code    22  stm32f4xx_dma.o(.text)
    DMA_FlowControllerConfig                 0x08002691   Thumb Code    22  stm32f4xx_dma.o(.text)
    DMA_SetCurrDataCounter                   0x080026a7   Thumb Code     4  stm32f4xx_dma.o(.text)
    DMA_GetCurrDataCounter                   0x080026ab   Thumb Code     8  stm32f4xx_dma.o(.text)
    DMA_DoubleBufferModeConfig               0x080026b3   Thumb Code    24  stm32f4xx_dma.o(.text)
    DMA_DoubleBufferModeCmd                  0x080026cb   Thumb Code    22  stm32f4xx_dma.o(.text)
    DMA_MemoryTargetConfig                   0x080026e1   Thumb Code    10  stm32f4xx_dma.o(.text)
    DMA_GetCurrentMemoryTarget               0x080026eb   Thumb Code    20  stm32f4xx_dma.o(.text)
    DMA_GetCmdStatus                         0x080026ff   Thumb Code    20  stm32f4xx_dma.o(.text)
    DMA_GetFIFOStatus                        0x08002713   Thumb Code    12  stm32f4xx_dma.o(.text)
    DMA_GetFlagStatus                        0x0800271f   Thumb Code    56  stm32f4xx_dma.o(.text)
    DMA_ClearFlag                            0x08002757   Thumb Code    40  stm32f4xx_dma.o(.text)
    DMA_ITConfig                             0x0800277f   Thumb Code    58  stm32f4xx_dma.o(.text)
    DMA_GetITStatus                          0x080027b9   Thumb Code    84  stm32f4xx_dma.o(.text)
    DMA_ClearITPendingBit                    0x0800280d   Thumb Code    40  stm32f4xx_dma.o(.text)
    Reset_Handler                            0x08002855   Thumb Code     8  startup_stm32f40_41xxx.o(.text)
    ADC_IRQHandler                           0x0800286f   Thumb Code     0  startup_stm32f40_41xxx.o(.text)
    CAN1_RX0_IRQHandler                      0x0800286f   Thumb Code     0  startup_stm32f40_41xxx.o(.text)
    CAN1_RX1_IRQHandler                      0x0800286f   Thumb Code     0  startup_stm32f40_41xxx.o(.text)
    CAN1_SCE_IRQHandler                      0x0800286f   Thumb Code     0  startup_stm32f40_41xxx.o(.text)
    CAN1_TX_IRQHandler                       0x0800286f   Thumb Code     0  startup_stm32f40_41xxx.o(.text)
    CAN2_RX0_IRQHandler                      0x0800286f   Thumb Code     0  startup_stm32f40_41xxx.o(.text)
    CAN2_RX1_IRQHandler                      0x0800286f   Thumb Code     0  startup_stm32f40_41xxx.o(.text)
    CAN2_SCE_IRQHandler                      0x0800286f   Thumb Code     0  startup_stm32f40_41xxx.o(.text)
    CAN2_TX_IRQHandler                       0x0800286f   Thumb Code     0  startup_stm32f40_41xxx.o(.text)
    CRYP_IRQHandler                          0x0800286f   Thumb Code     0  startup_stm32f40_41xxx.o(.text)
    DCMI_IRQHandler                          0x0800286f   Thumb Code     0  startup_stm32f40_41xxx.o(.text)
    DMA1_Stream0_IRQHandler                  0x0800286f   Thumb Code     0  startup_stm32f40_41xxx.o(.text)
    DMA1_Stream1_IRQHandler                  0x0800286f   Thumb Code     0  startup_stm32f40_41xxx.o(.text)
    DMA1_Stream2_IRQHandler                  0x0800286f   Thumb Code     0  startup_stm32f40_41xxx.o(.text)
    DMA1_Stream3_IRQHandler                  0x0800286f   Thumb Code     0  startup_stm32f40_41xxx.o(.text)
    DMA1_Stream4_IRQHandler                  0x0800286f   Thumb Code     0  startup_stm32f40_41xxx.o(.text)
    DMA1_Stream5_IRQHandler                  0x0800286f   Thumb Code     0  startup_stm32f40_41xxx.o(.text)
    DMA1_Stream6_IRQHandler                  0x0800286f   Thumb Code     0  startup_stm32f40_41xxx.o(.text)
    DMA1_Stream7_IRQHandler                  0x0800286f   Thumb Code     0  startup_stm32f40_41xxx.o(.text)
    DMA2_Stream0_IRQHandler                  0x0800286f   Thumb Code     0  startup_stm32f40_41xxx.o(.text)
    DMA2_Stream1_IRQHandler                  0x0800286f   Thumb Code     0  startup_stm32f40_41xxx.o(.text)
    DMA2_Stream2_IRQHandler                  0x0800286f   Thumb Code     0  startup_stm32f40_41xxx.o(.text)
    DMA2_Stream3_IRQHandler                  0x0800286f   Thumb Code     0  startup_stm32f40_41xxx.o(.text)
    DMA2_Stream4_IRQHandler                  0x0800286f   Thumb Code     0  startup_stm32f40_41xxx.o(.text)
    DMA2_Stream5_IRQHandler                  0x0800286f   Thumb Code     0  startup_stm32f40_41xxx.o(.text)
    DMA2_Stream6_IRQHandler                  0x0800286f   Thumb Code     0  startup_stm32f40_41xxx.o(.text)
    ETH_IRQHandler                           0x0800286f   Thumb Code     0  startup_stm32f40_41xxx.o(.text)
    ETH_WKUP_IRQHandler                      0x0800286f   Thumb Code     0  startup_stm32f40_41xxx.o(.text)
    EXTI15_10_IRQHandler                     0x0800286f   Thumb Code     0  startup_stm32f40_41xxx.o(.text)
    EXTI1_IRQHandler                         0x0800286f   Thumb Code     0  startup_stm32f40_41xxx.o(.text)
    EXTI2_IRQHandler                         0x0800286f   Thumb Code     0  startup_stm32f40_41xxx.o(.text)
    EXTI3_IRQHandler                         0x0800286f   Thumb Code     0  startup_stm32f40_41xxx.o(.text)
    EXTI4_IRQHandler                         0x0800286f   Thumb Code     0  startup_stm32f40_41xxx.o(.text)
    EXTI9_5_IRQHandler                       0x0800286f   Thumb Code     0  startup_stm32f40_41xxx.o(.text)
    FLASH_IRQHandler                         0x0800286f   Thumb Code     0  startup_stm32f40_41xxx.o(.text)
    FPU_IRQHandler                           0x0800286f   Thumb Code     0  startup_stm32f40_41xxx.o(.text)
    FSMC_IRQHandler                          0x0800286f   Thumb Code     0  startup_stm32f40_41xxx.o(.text)
    HASH_RNG_IRQHandler                      0x0800286f   Thumb Code     0  startup_stm32f40_41xxx.o(.text)
    I2C1_ER_IRQHandler                       0x0800286f   Thumb Code     0  startup_stm32f40_41xxx.o(.text)
    I2C1_EV_IRQHandler                       0x0800286f   Thumb Code     0  startup_stm32f40_41xxx.o(.text)
    I2C2_ER_IRQHandler                       0x0800286f   Thumb Code     0  startup_stm32f40_41xxx.o(.text)
    I2C2_EV_IRQHandler                       0x0800286f   Thumb Code     0  startup_stm32f40_41xxx.o(.text)
    I2C3_ER_IRQHandler                       0x0800286f   Thumb Code     0  startup_stm32f40_41xxx.o(.text)
    I2C3_EV_IRQHandler                       0x0800286f   Thumb Code     0  startup_stm32f40_41xxx.o(.text)
    OTG_FS_IRQHandler                        0x0800286f   Thumb Code     0  startup_stm32f40_41xxx.o(.text)
    OTG_FS_WKUP_IRQHandler                   0x0800286f   Thumb Code     0  startup_stm32f40_41xxx.o(.text)
    OTG_HS_EP1_IN_IRQHandler                 0x0800286f   Thumb Code     0  startup_stm32f40_41xxx.o(.text)
    OTG_HS_EP1_OUT_IRQHandler                0x0800286f   Thumb Code     0  startup_stm32f40_41xxx.o(.text)
    OTG_HS_IRQHandler                        0x0800286f   Thumb Code     0  startup_stm32f40_41xxx.o(.text)
    OTG_HS_WKUP_IRQHandler                   0x0800286f   Thumb Code     0  startup_stm32f40_41xxx.o(.text)
    PVD_IRQHandler                           0x0800286f   Thumb Code     0  startup_stm32f40_41xxx.o(.text)
    RCC_IRQHandler                           0x0800286f   Thumb Code     0  startup_stm32f40_41xxx.o(.text)
    RTC_Alarm_IRQHandler                     0x0800286f   Thumb Code     0  startup_stm32f40_41xxx.o(.text)
    RTC_WKUP_IRQHandler                      0x0800286f   Thumb Code     0  startup_stm32f40_41xxx.o(.text)
    SDIO_IRQHandler                          0x0800286f   Thumb Code     0  startup_stm32f40_41xxx.o(.text)
    SPI1_IRQHandler                          0x0800286f   Thumb Code     0  startup_stm32f40_41xxx.o(.text)
    SPI2_IRQHandler                          0x0800286f   Thumb Code     0  startup_stm32f40_41xxx.o(.text)
    SPI3_IRQHandler                          0x0800286f   Thumb Code     0  startup_stm32f40_41xxx.o(.text)
    TAMP_STAMP_IRQHandler                    0x0800286f   Thumb Code     0  startup_stm32f40_41xxx.o(.text)
    TIM1_BRK_TIM9_IRQHandler                 0x0800286f   Thumb Code     0  startup_stm32f40_41xxx.o(.text)
    TIM1_CC_IRQHandler                       0x0800286f   Thumb Code     0  startup_stm32f40_41xxx.o(.text)
    TIM1_TRG_COM_TIM11_IRQHandler            0x0800286f   Thumb Code     0  startup_stm32f40_41xxx.o(.text)
    TIM1_UP_TIM10_IRQHandler                 0x0800286f   Thumb Code     0  startup_stm32f40_41xxx.o(.text)
    TIM3_IRQHandler                          0x0800286f   Thumb Code     0  startup_stm32f40_41xxx.o(.text)
    TIM4_IRQHandler                          0x0800286f   Thumb Code     0  startup_stm32f40_41xxx.o(.text)
    TIM6_DAC_IRQHandler                      0x0800286f   Thumb Code     0  startup_stm32f40_41xxx.o(.text)
    TIM7_IRQHandler                          0x0800286f   Thumb Code     0  startup_stm32f40_41xxx.o(.text)
    TIM8_BRK_TIM12_IRQHandler                0x0800286f   Thumb Code     0  startup_stm32f40_41xxx.o(.text)
    TIM8_CC_IRQHandler                       0x0800286f   Thumb Code     0  startup_stm32f40_41xxx.o(.text)
    TIM8_TRG_COM_TIM14_IRQHandler            0x0800286f   Thumb Code     0  startup_stm32f40_41xxx.o(.text)
    TIM8_UP_TIM13_IRQHandler                 0x0800286f   Thumb Code     0  startup_stm32f40_41xxx.o(.text)
    UART4_IRQHandler                         0x0800286f   Thumb Code     0  startup_stm32f40_41xxx.o(.text)
    UART5_IRQHandler                         0x0800286f   Thumb Code     0  startup_stm32f40_41xxx.o(.text)
    USART2_IRQHandler                        0x0800286f   Thumb Code     0  startup_stm32f40_41xxx.o(.text)
    USART6_IRQHandler                        0x0800286f   Thumb Code     0  startup_stm32f40_41xxx.o(.text)
    WWDG_IRQHandler                          0x0800286f   Thumb Code     0  startup_stm32f40_41xxx.o(.text)
    SetIndicatorTimeBase                     0x08002879   Thumb Code     8  board.o(.text)
    STMMiniBoard_Init                        0x08002881   Thumb Code    62  board.o(.text)
    Serial_Init                              0x080028c9   Thumb Code   174  serial.o(.text)
    SerialSend                               0x08002977   Thumb Code    42  serial.o(.text)
    _BufferIntegrate_Callback                0x080029a1   Thumb Code    14  serial.o(.text)
    fputc                                    0x080029af   Thumb Code    32  serial.o(.text)
    SysTick_Init                             0x080029f9   Thumb Code    66  systick.o(.text)
    SysTickDelay                             0x08002a3b   Thumb Code    16  systick.o(.text)
    UpdateMotorState                         0x08002a5d   Thumb Code   102  motor.o(.text)
    MotorPWM_Init                            0x08002ac3   Thumb Code   228  motor.o(.text)
    SetMotorPulse                            0x08002ba7   Thumb Code    72  motor.o(.text)
    SetMotorDutyRatio                        0x08002bef   Thumb Code   164  motor.o(.text)
    UpgradeMotorState                        0x08002c93   Thumb Code    98  motor.o(.text)
    SetMotorForwardTime                      0x08002cf5   Thumb Code    16  motor.o(.text)
    Encoder_Init                             0x08002d39   Thumb Code   248  encoder.o(.text)
    GetRFTriggerTimes                        0x08002e31   Thumb Code     6  encoder.o(.text)
    GetLRTriggerTimes                        0x08002ea3   Thumb Code     6  encoder.o(.text)
    WaittingTrigger                          0x08002ea9   Thumb Code    96  encoder.o(.text)
    WaittingTriggerWithFunc                  0x08002f09   Thumb Code   100  encoder.o(.text)
    Adc_Init                                 0x08002f8d   Thumb Code   260  buttom.o(.text)
    _Switcher                                0x08003091   Thumb Code    84  buttom.o(.text)
    _ADCSwitcher                             0x080030e5   Thumb Code   124  buttom.o(.text)
    GetAdcValueInChannal                     0x08003161   Thumb Code    44  buttom.o(.text)
    GetAdcNTimesValueAverageInChannal        0x0800318d   Thumb Code    40  buttom.o(.text)
    UpdateButtom                             0x080031b5   Thumb Code    80  buttom.o(.text)
    GetADCData                               0x08003205   Thumb Code     4  buttom.o(.text)
    Gyro_Init                                0x08003231   Thumb Code    62  gyro.o(.text)
    _Delay                                   0x0800326f   Thumb Code    26  gyro.o(.text)
    _IIC_Stop                                0x08003289   Thumb Code    64  gyro.o(.text)
    _IIC_Ack_Back                            0x080032c9   Thumb Code    66  gyro.o(.text)
    _IIC_NAck_Back                           0x0800330b   Thumb Code    66  gyro.o(.text)
    _IIC_Read_Byte                           0x0800334d   Thumb Code    94  gyro.o(.text)
    _IIC_Waitting_Ack                        0x080033ab   Thumb Code    84  gyro.o(.text)
    _IIC_Send_Byte                           0x080033ff   Thumb Code    86  gyro.o(.text)
    _IIC_Start                               0x08003455   Thumb Code    68  gyro.o(.text)
    IICreadBytes                             0x08003499   Thumb Code   106  gyro.o(.text)
    IICwriteBytes                            0x08003503   Thumb Code    74  gyro.o(.text)
    _CharToShort                             0x0800354d   Thumb Code    14  gyro.o(.text)
    UpdateAngleValue                         0x0800355b   Thumb Code   198  gyro.o(.text)
    GetRollAngle                             0x08003621   Thumb Code     8  gyro.o(.text)
    GetPitchAngle                            0x08003629   Thumb Code     8  gyro.o(.text)
    GetYawAngle                              0x08003631   Thumb Code    60  gyro.o(.text)
    GetInfoFromGyro                          0x0800366d   Thumb Code   490  gyro.o(.text)
    __aeabi_dmul                             0x08003869   Thumb Code   228  dmul.o(.text)
    __aeabi_ddiv                             0x0800394d   Thumb Code   222  ddiv.o(.text)
    __aeabi_i2d                              0x08003a2b   Thumb Code    34  dflti.o(.text)
    __aeabi_d2iz                             0x08003a4d   Thumb Code    62  dfixi.o(.text)
    __aeabi_cdcmpeq                          0x08003a8d   Thumb Code     0  cdcmple.o(.text)
    __aeabi_cdcmple                          0x08003a8d   Thumb Code    48  cdcmple.o(.text)
    __aeabi_cdrcmple                         0x08003abd   Thumb Code    48  cdrcmple.o(.text)
    __aeabi_llsr                             0x08003aed   Thumb Code    32  llushr.o(.text)
    _ll_ushift_r                             0x08003aed   Thumb Code     0  llushr.o(.text)
    __I$use$fp                               0x08003b0d   Thumb Code     0  iusefp.o(.text)
    _double_round                            0x08003b0d   Thumb Code    30  depilogue.o(.text)
    _double_epilogue                         0x08003b2b   Thumb Code   156  depilogue.o(.text)
    __scatterload                            0x08003bc9   Thumb Code    28  init.o(.text)
    __scatterload_rt2                        0x08003bc9   Thumb Code     0  init.o(.text)
    __aeabi_llsl                             0x08003bed   Thumb Code    30  llshl.o(.text)
    _ll_shift_l                              0x08003bed   Thumb Code     0  llshl.o(.text)
    _DelayOneMs_Interrupt                    0x08003c0d   Thumb Code    18  systick.o(i._DelayOneMs_Interrupt)
    _LaserEdgeTrigger_Interrupt              0x08003c25   Thumb Code    30  laser.o(i._LaserEdgeTrigger_Interrupt)
    _Timer2Capture_Interrupt                 0x08003c4d   Thumb Code   138  encoder.o(i._Timer2Capture_Interrupt)
    _Timer5Capture_Interrupt                 0x08003ce1   Thumb Code   130  encoder.o(i._Timer5Capture_Interrupt)
    _UsartReceive_Interrupt                  0x08003d71   Thumb Code   104  serial.o(i._UsartReceive_Interrupt)
    __0printf$bare                           0x08003de9   Thumb Code     8  printfb.o(i.__0printf$bare)
    __1printf$bare                           0x08003de9   Thumb Code     0  printfb.o(i.__0printf$bare)
    __2printf                                0x08003de9   Thumb Code     0  printfb.o(i.__0printf$bare)
    __scatterload_copy                       0x08003df9   Thumb Code    14  handlers.o(i.__scatterload_copy)
    __scatterload_null                       0x08003e07   Thumb Code     2  handlers.o(i.__scatterload_null)
    __scatterload_zeroinit                   0x08003e09   Thumb Code    14  handlers.o(i.__scatterload_zeroinit)
    _forwardTime_Interrupt                   0x08003e19   Thumb Code    58  motor.o(i._forwardTime_Interrupt)
    _updateSysTick_Interrupt                 0x08003e85   Thumb Code    66  board.o(i._updateSysTick_Interrupt)
    Region$$Table$$Base                      0x08003ef8   Number         0  anon$$obj.o(Region$$Table)
    Region$$Table$$Limit                     0x08003f18   Number         0  anon$$obj.o(Region$$Table)
    SystemCoreClock                          0x20000000   Data           4  system_stm32f4xx.o(.data)
    AHBPrescTable                            0x20000004   Data          16  system_stm32f4xx.o(.data)
    _rollAngle                               0x20000060   Data           8  gyro.o(.data)
    _pitchAngle                              0x20000068   Data           8  gyro.o(.data)
    _yawAngle                                0x20000070   Data           8  gyro.o(.data)
    _rollValue                               0x20000078   Data           2  gyro.o(.data)
    _pitchValue                              0x2000007a   Data           2  gyro.o(.data)
    _yawValue                                0x2000007c   Data           2  gyro.o(.data)
    __stdout                                 0x20000080   Data           4  stdout.o(.data)
    _UsartReceive_Interrupt::tag             0x20000084   Data           4  serial.o(.data__ZZ23_UsartReceive_InterruptE3tag)
    _UsartReceive_Interrupt::handle          0x20000088   Data           4  serial.o(.data__ZZ23_UsartReceive_InterruptE6handle)
    _Timer2Capture_Interrupt::_timerOverFlow 0x2000008c   Data           1  encoder.o(.data__ZZ24_Timer2Capture_InterruptE14_timerOverFlow)
    _Timer5Capture_Interrupt::_timerOverFlow 0x2000008d   Data           1  encoder.o(.data__ZZ24_Timer5Capture_InterruptE14_timerOverFlow)
    _UsartReceive_Interrupt::buffer          0x200000e0   Data          50  serial.o(.bss__ZZ23_UsartReceive_InterruptE6buffer)
    __initial_sp                             0x20000518   Data           0  startup_stm32f40_41xxx.o(STACK)



==============================================================================

Memory Map of the image

  Image Entry point : 0x08000189

  Load Region LR_IROM1 (Base: 0x08000000, Size: 0x00003fa8, Max: 0x00100000, ABSOLUTE)

    Execution Region ER_IROM1 (Exec base: 0x08000000, Load base: 0x08000000, Size: 0x00003f18, Max: 0x00100000, ABSOLUTE)

    Exec Addr    Load Addr    Size         Type   Attr      Idx    E Section Name        Object

    0x08000000   0x08000000   0x00000188   Data   RO         1287    RESET               startup_stm32f40_41xxx.o
    0x08000188   0x08000188   0x00000000   Code   RO         1609  * .ARM.Collect$$$$00000000  mc_w.l(entry.o)
    0x08000188   0x08000188   0x00000004   Code   RO         1884    .ARM.Collect$$$$00000001  mc_w.l(entry2.o)
    0x0800018c   0x0800018c   0x00000004   Code   RO         1887    .ARM.Collect$$$$00000004  mc_w.l(entry5.o)
    0x08000190   0x08000190   0x00000000   Code   RO         1889    .ARM.Collect$$$$00000008  mc_w.l(entry7b.o)
    0x08000190   0x08000190   0x00000000   Code   RO         1891    .ARM.Collect$$$$0000000A  mc_w.l(entry8b.o)
    0x08000190   0x08000190   0x00000008   Code   RO         1892    .ARM.Collect$$$$0000000B  mc_w.l(entry9a.o)
    0x08000198   0x08000198   0x00000000   Code   RO         1894    .ARM.Collect$$$$0000000D  mc_w.l(entry10a.o)
    0x08000198   0x08000198   0x00000000   Code   RO         1896    .ARM.Collect$$$$0000000F  mc_w.l(entry11a.o)
    0x08000198   0x08000198   0x00000004   Code   RO         1885    .ARM.Collect$$$$00002712  mc_w.l(entry2.o)
    0x0800019c   0x0800019c   0x00000210   Code   RO            4    .text               system_stm32f4xx.o
    0x080003ac   0x080003ac   0x0000007c   Code   RO          140    .text               stm32f4xx_it.o
    0x08000428   0x08000428   0x00000048   Code   RO          224    .text               main.o
    0x08000470   0x08000470   0x00000ca2   Code   RO          596    .text               stm32f4xx_tim.o
    0x08001112   0x08001112   0x00000002   PAD
    0x08001114   0x08001114   0x00000464   Code   RO          749    .text               stm32f4xx_adc.o
    0x08001578   0x08001578   0x00000454   Code   RO          848    .text               stm32f4xx_usart.o
    0x080019cc   0x080019cc   0x000000e0   Code   RO          950    .text               misc.o
    0x08001aac   0x08001aac   0x00000110   Code   RO         1007    .text               stm32f4xx_exti.o
    0x08001bbc   0x08001bbc   0x0000065c   Code   RO         1136    .text               stm32f4xx_rcc.o
    0x08002218   0x08002218   0x00000294   Code   RO         1186    .text               stm32f4xx_gpio.o
    0x080024ac   0x080024ac   0x000003a8   Code   RO         1237    .text               stm32f4xx_dma.o
    0x08002854   0x08002854   0x00000024   Code   RO         1288    .text               startup_stm32f40_41xxx.o
    0x08002878   0x08002878   0x00000050   Code   RO         1295    .text               board.o
    0x080028c8   0x080028c8   0x00000110   Code   RO         1327    .text               serial.o
    0x080029d8   0x080029d8   0x00000084   Code   RO         1363    .text               systick.o
    0x08002a5c   0x08002a5c   0x000002dc   Code   RO         1399    .text               motor.o
    0x08002d38   0x08002d38   0x00000254   Code   RO         1443    .text               encoder.o
    0x08002f8c   0x08002f8c   0x000002a4   Code   RO         1495    .text               buttom.o
    0x08003230   0x08003230   0x00000638   Code   RO         1522    .text               gyro.o
    0x08003868   0x08003868   0x000000e4   Code   RO         1872    .text               mf_w.l(dmul.o)
    0x0800394c   0x0800394c   0x000000de   Code   RO         1874    .text               mf_w.l(ddiv.o)
    0x08003a2a   0x08003a2a   0x00000022   Code   RO         1876    .text               mf_w.l(dflti.o)
    0x08003a4c   0x08003a4c   0x0000003e   Code   RO         1878    .text               mf_w.l(dfixi.o)
    0x08003a8a   0x08003a8a   0x00000002   PAD
    0x08003a8c   0x08003a8c   0x00000030   Code   RO         1880    .text               mf_w.l(cdcmple.o)
    0x08003abc   0x08003abc   0x00000030   Code   RO         1882    .text               mf_w.l(cdrcmple.o)
    0x08003aec   0x08003aec   0x00000020   Code   RO         1903    .text               mc_w.l(llushr.o)
    0x08003b0c   0x08003b0c   0x00000000   Code   RO         1905    .text               mc_w.l(iusefp.o)
    0x08003b0c   0x08003b0c   0x000000ba   Code   RO         1906    .text               mf_w.l(depilogue.o)
    0x08003bc6   0x08003bc6   0x00000002   PAD
    0x08003bc8   0x08003bc8   0x00000024   Code   RO         1912    .text               mc_w.l(init.o)
    0x08003bec   0x08003bec   0x0000001e   Code   RO         1914    .text               mc_w.l(llshl.o)
    0x08003c0a   0x08003c0a   0x00000002   PAD
    0x08003c0c   0x08003c0c   0x00000018   Code   RO         1383    i._DelayOneMs_Interrupt  systick.o
    0x08003c24   0x08003c24   0x00000028   Code   RO         1594    i._LaserEdgeTrigger_Interrupt  laser.o
    0x08003c4c   0x08003c4c   0x00000094   Code   RO         1481    i._Timer2Capture_Interrupt  encoder.o
    0x08003ce0   0x08003ce0   0x00000090   Code   RO         1469    i._Timer5Capture_Interrupt  encoder.o
    0x08003d70   0x08003d70   0x00000078   Code   RO         1348    i._UsartReceive_Interrupt  serial.o
    0x08003de8   0x08003de8   0x00000010   Code   RO         1613    i.__0printf$bare    mc_w.l(printfb.o)
    0x08003df8   0x08003df8   0x0000000e   Code   RO         1920    i.__scatterload_copy  mc_w.l(handlers.o)
    0x08003e06   0x08003e06   0x00000002   Code   RO         1921    i.__scatterload_null  mc_w.l(handlers.o)
    0x08003e08   0x08003e08   0x0000000e   Code   RO         1922    i.__scatterload_zeroinit  mc_w.l(handlers.o)
    0x08003e16   0x08003e16   0x00000002   PAD
    0x08003e18   0x08003e18   0x00000048   Code   RO         1431    i._forwardTime_Interrupt  motor.o
    0x08003e60   0x08003e60   0x00000022   Code   RO         1620    i._printf_core      mc_w.l(printfb.o)
    0x08003e82   0x08003e82   0x00000002   PAD
    0x08003e84   0x08003e84   0x00000050   Code   RO         1315    i._updateSysTick_Interrupt  board.o
    0x08003ed4   0x08003ed4   0x00000022   Data   RO         1497    .constdata          buttom.o
    0x08003ef6   0x08003ef6   0x00000002   PAD
    0x08003ef8   0x08003ef8   0x00000020   Data   RO         1918    Region$$Table       anon$$obj.o


    Execution Region RW_IRAM1 (Exec base: 0x20000000, Load base: 0x08003f18, Size: 0x00000518, Max: 0x00020000, ABSOLUTE)

    Exec Addr    Load Addr    Size         Type   Attr      Idx    E Section Name        Object

    0x20000000   0x08003f18   0x00000014   Data   RW            5    .data               system_stm32f4xx.o
    0x20000014   0x08003f2c   0x00000010   Data   RW         1137    .data               stm32f4xx_rcc.o
    0x20000024   0x08003f3c   0x0000000c   Data   RW         1296    .data               board.o
    0x20000030   0x08003f48   0x00000004   Data   RW         1364    .data               systick.o
    0x20000034   0x08003f4c   0x00000014   Data   RW         1400    .data               motor.o
    0x20000048   0x08003f60   0x00000018   Data   RW         1444    .data               encoder.o
    0x20000060   0x08003f78   0x0000001e   Data   RW         1524    .data               gyro.o
    0x2000007e   0x08003f96   0x00000001   Data   RW         1575    .data               laser.o
    0x2000007f   0x08003f97   0x00000001   PAD
    0x20000080   0x08003f98   0x00000004   Data   RW         1898    .data               mc_w.l(stdout.o)
    0x20000084   0x08003f9c   0x00000004   Data   RW         1356    .data__ZZ23_UsartReceive_InterruptE3tag  serial.o
    0x20000088   0x08003fa0   0x00000004   Data   RW         1355    .data__ZZ23_UsartReceive_InterruptE6handle  serial.o
    0x2000008c   0x08003fa4   0x00000001   Data   RW         1488    .data__ZZ24_Timer2Capture_InterruptE14_timerOverFlow  encoder.o
    0x2000008d   0x08003fa5   0x00000001   Data   RW         1487    .data__ZZ24_Timer5Capture_InterruptE14_timerOverFlow  encoder.o
    0x2000008e   0x08003fa6   0x00000002   PAD
    0x20000090        -       0x00000020   Zero   RW         1496    .bss                buttom.o
    0x200000b0        -       0x00000030   Zero   RW         1523    .bss                gyro.o
    0x200000e0        -       0x00000032   Zero   RW         1354    .bss__ZZ23_UsartReceive_InterruptE6buffer  serial.o
    0x20000112   0x08003fa6   0x00000006   PAD
    0x20000118        -       0x00000400   Zero   RW         1285    STACK               startup_stm32f40_41xxx.o


==============================================================================

Image component sizes


      Code (inc. data)   RO Data    RW Data    ZI Data      Debug   Object Name

       160         24          0         12          0       2160   board.o
       676         50         34          0         32       3337   buttom.o
       888         56          0         26          0       4085   encoder.o
      1592         70          0         30         48       6653   gyro.o
        40         10          0          1          0        786   laser.o
        72         18          0          0          0        531   main.o
       224         20          0          0          0       3965   misc.o
       804         78          0         20          0       3540   motor.o
       392         26          0          8         50       2947   serial.o
        36          8        392          0       1024        992   startup_stm32f40_41xxx.o
      1124         24          0          0          0      25038   stm32f4xx_adc.o
         0          0          0          0          0      15612   stm32f4xx_dfsdm.o
       936         32          0          0          0      19449   stm32f4xx_dma.o
       272         10          0          0          0       5203   stm32f4xx_exti.o
         0          0          0          0          0      15540   stm32f4xx_flash.o
       660         44          0          0          0      11725   stm32f4xx_gpio.o
       124         12          0          0          0     257419   stm32f4xx_it.o
      1628         52          0         16          0      13452   stm32f4xx_rcc.o
      3234         60          0          0          0      43232   stm32f4xx_tim.o
      1108         34          0          0          0      14392   stm32f4xx_usart.o
       528         46          0         20          0     278539   system_stm32f4xx.o
       156         24          0          4          0      32339   systick.o

    ----------------------------------------------------------------------
     14656        698        460        140       1160     760936   Object Totals
         0          0         32          0          0          0   (incl. Generated)
         2          0          2          3          6          0   (incl. Padding)

    ----------------------------------------------------------------------

      Code (inc. data)   RO Data    RW Data    ZI Data      Debug   Library Member Name

         0          0          0          0          0          0   entry.o
         0          0          0          0          0          0   entry10a.o
         0          0          0          0          0          0   entry11a.o
         8          4          0          0          0          0   entry2.o
         4          0          0          0          0          0   entry5.o
         0          0          0          0          0          0   entry7b.o
         0          0          0          0          0          0   entry8b.o
         8          4          0          0          0          0   entry9a.o
        30          0          0          0          0          0   handlers.o
        36          8          0          0          0         68   init.o
         0          0          0          0          0          0   iusefp.o
        30          0          0          0          0         68   llshl.o
        32          0          0          0          0         68   llushr.o
        50          8          0          0          0        152   printfb.o
         0          0          0          4          0          0   stdout.o
        48          0          0          0          0         68   cdcmple.o
        48          0          0          0          0         68   cdrcmple.o
       222          0          0          0          0        100   ddiv.o
       186          0          0          0          0        176   depilogue.o
        62          0          0          0          0         80   dfixi.o
        34          0          0          0          0         76   dflti.o
       228          0          0          0          0         96   dmul.o

    ----------------------------------------------------------------------
      1036         24          0          4          0       1020   Library Totals
        10          0          0          0          0          0   (incl. Padding)

    ----------------------------------------------------------------------

      Code (inc. data)   RO Data    RW Data    ZI Data      Debug   Library Name

       198         24          0          4          0        356   mc_w.l
       828          0          0          0          0        664   mf_w.l

    ----------------------------------------------------------------------
      1036         24          0          4          0       1020   Library Totals

    ----------------------------------------------------------------------

==============================================================================


      Code (inc. data)   RO Data    RW Data    ZI Data      Debug   

     15692        722        460        144       1160     756740   Grand Totals
     15692        722        460        144       1160     756740   ELF Image Totals
     15692        722        460        144          0          0   ROM Totals

==============================================================================

    Total RO  Size (Code + RO Data)                16152 (  15.77kB)
    Total RW  Size (RW Data + ZI Data)              1304 (   1.27kB)
    Total ROM Size (Code + RO Data + RW Data)      16296 (  15.91kB)

==============================================================================

